Archive member included to satisfy reference by file (symbol)

/usr/local/Cellar/avr-gcc/9.3.0/lib/avr-gcc/9/gcc/avr/9.3.0/avr5/libgcc.a(_udivmodhi4.o)
                              ./MiniOS/miniOS.o (__udivmodhi4)
/usr/local/Cellar/avr-gcc/9.3.0/lib/avr-gcc/9/gcc/avr/9.3.0/avr5/libgcc.a(_udivmodsi4.o)
                              ./MiniOS/vl53l0x/VL53L0X.o (__udivmodsi4)
/usr/local/Cellar/avr-gcc/9.3.0/lib/avr-gcc/9/gcc/avr/9.3.0/avr5/libgcc.a(_divmodsi4.o)
                              ./MiniOS/oled/ssd1306.o (__divmodsi4)
/usr/local/Cellar/avr-gcc/9.3.0/lib/avr-gcc/9/gcc/avr/9.3.0/avr5/libgcc.a(_negsi2.o)
                              /usr/local/Cellar/avr-gcc/9.3.0/lib/avr-gcc/9/gcc/avr/9.3.0/avr5/libgcc.a(_divmodsi4.o) (__negsi2)
/usr/local/Cellar/avr-gcc/9.3.0/lib/avr-gcc/9/gcc/avr/9.3.0/avr5/libgcc.a(_exit.o)
                              /usr/local/Cellar/avr-gcc/9.3.0/lib/avr-gcc/9/gcc/avr/9.3.0/../../../../../../avr/lib/avr5/crtatmega328p.o (exit)
/usr/local/Cellar/avr-gcc/9.3.0/lib/avr-gcc/9/gcc/avr/9.3.0/avr5/libgcc.a(_copy_data.o)
                              ./MiniOS/oled/ssd1306.o (__do_copy_data)
/usr/local/Cellar/avr-gcc/9.3.0/lib/avr-gcc/9/gcc/avr/9.3.0/avr5/libgcc.a(_clear_bss.o)
                              ./MiniOS/vl53l0x/VL53L0X.o (__do_clear_bss)
/usr/local/Cellar/avr-gcc/9.3.0/lib/avr-gcc/9/gcc/avr/9.3.0/avr5/libgcc.a(_umulhisi3.o)
                              ./MiniOS/vl53l0x/VL53L0X.o (__umulhisi3)
/usr/local/Cellar/avr-gcc/9.3.0/lib/avr-gcc/9/gcc/avr/9.3.0/avr5/libgcc.a(_muluhisi3.o)
                              ./MiniOS/vl53l0x/VL53L0X.o (__muluhisi3)
/usr/local/Cellar/avr-gcc/9.3.0/lib/avr-gcc/9/gcc/avr/9.3.0/avr5/libgcc.a(_mulshisi3.o)
                              ./MiniOS/miniOS.o (__mulshisi3)
/usr/local/Cellar/avr-gcc/9.3.0/lib/avr-gcc/9/gcc/avr/9.3.0/../../../../../../avr/lib/avr5/libc.a(malloc.o)
                              ./MiniOS/miniOS.o (malloc)
/usr/local/Cellar/avr-gcc/9.3.0/lib/avr-gcc/9/gcc/avr/9.3.0/../../../../../../avr/lib/avr5/libc.a(sprintf.o)
                              ./Minisumo_EDU1.o (sprintf)
/usr/local/Cellar/avr-gcc/9.3.0/lib/avr-gcc/9/gcc/avr/9.3.0/../../../../../../avr/lib/avr5/libc.a(vfprintf_std.o)
                              /usr/local/Cellar/avr-gcc/9.3.0/lib/avr-gcc/9/gcc/avr/9.3.0/../../../../../../avr/lib/avr5/libc.a(sprintf.o) (vfprintf)
/usr/local/Cellar/avr-gcc/9.3.0/lib/avr-gcc/9/gcc/avr/9.3.0/../../../../../../avr/lib/avr5/libc.a(strnlen_P.o)
                              /usr/local/Cellar/avr-gcc/9.3.0/lib/avr-gcc/9/gcc/avr/9.3.0/../../../../../../avr/lib/avr5/libc.a(vfprintf_std.o) (strnlen_P)
/usr/local/Cellar/avr-gcc/9.3.0/lib/avr-gcc/9/gcc/avr/9.3.0/../../../../../../avr/lib/avr5/libc.a(strnlen.o)
                              /usr/local/Cellar/avr-gcc/9.3.0/lib/avr-gcc/9/gcc/avr/9.3.0/../../../../../../avr/lib/avr5/libc.a(vfprintf_std.o) (strnlen)
/usr/local/Cellar/avr-gcc/9.3.0/lib/avr-gcc/9/gcc/avr/9.3.0/../../../../../../avr/lib/avr5/libc.a(fputc.o)
                              /usr/local/Cellar/avr-gcc/9.3.0/lib/avr-gcc/9/gcc/avr/9.3.0/../../../../../../avr/lib/avr5/libc.a(vfprintf_std.o) (fputc)
/usr/local/Cellar/avr-gcc/9.3.0/lib/avr-gcc/9/gcc/avr/9.3.0/../../../../../../avr/lib/avr5/libc.a(ultoa_invert.o)
                              /usr/local/Cellar/avr-gcc/9.3.0/lib/avr-gcc/9/gcc/avr/9.3.0/../../../../../../avr/lib/avr5/libc.a(vfprintf_std.o) (__ultoa_invert)
/usr/local/Cellar/avr-gcc/9.3.0/lib/avr-gcc/9/gcc/avr/9.3.0/avr5/libgcc.a(_prologue.o)
                              /usr/local/Cellar/avr-gcc/9.3.0/lib/avr-gcc/9/gcc/avr/9.3.0/../../../../../../avr/lib/avr5/libc.a(sprintf.o) (__prologue_saves__)
/usr/local/Cellar/avr-gcc/9.3.0/lib/avr-gcc/9/gcc/avr/9.3.0/avr5/libgcc.a(_epilogue.o)
                              /usr/local/Cellar/avr-gcc/9.3.0/lib/avr-gcc/9/gcc/avr/9.3.0/../../../../../../avr/lib/avr5/libc.a(sprintf.o) (__epilogue_restores__)

Allocating common symbols
Common symbol       size              file

_rc5struct          0x2               ./MiniOS/rc5/rc5.o
vl53l0xsensor       0x2               ./MiniOS/vl53l0x/VL53L0X.o
__rangesensornum    0x1               ./MiniOS/miniOS.o
motorcfglcl         0x2               ./MiniOS/motor/motor.o
__brkval            0x2               /usr/local/Cellar/avr-gcc/9.3.0/lib/avr-gcc/9/gcc/avr/9.3.0/../../../../../../avr/lib/avr5/libc.a(malloc.o)
_cp437              0x1               ./MiniOS/oled/ssd1306.o
_maxrangeofsensor   0x2               ./MiniOS/miniOS.o
wrap                0x1               ./MiniOS/oled/ssd1306.o
__flp               0x2               /usr/local/Cellar/avr-gcc/9.3.0/lib/avr-gcc/9/gcc/avr/9.3.0/../../../../../../avr/lib/avr5/libc.a(malloc.o)
sensors             0x6               ./Minisumo_EDU1.o

Memory Configuration

Name             Origin             Length             Attributes
text             0x0000000000000000 0x0000000000020000 xr
data             0x0000000000800060 0x000000000000ffa0 rw !x
eeprom           0x0000000000810000 0x0000000000010000 rw !x
fuse             0x0000000000820000 0x0000000000000400 rw !x
lock             0x0000000000830000 0x0000000000000400 rw !x
signature        0x0000000000840000 0x0000000000000400 rw !x
user_signatures  0x0000000000850000 0x0000000000000400 rw !x
*default*        0x0000000000000000 0xffffffffffffffff

Linker script and memory map

Address of section .data set to 0x800100
LOAD /usr/local/Cellar/avr-gcc/9.3.0/lib/avr-gcc/9/gcc/avr/9.3.0/../../../../../../avr/lib/avr5/crtatmega328p.o
LOAD ./MiniOS/vl53l0x/VL53L0X.o
LOAD ./MiniOS/rc5/rc5.o
LOAD ./MiniOS/oled/ssd1306.o
LOAD ./MiniOS/motor/motor.o
LOAD ./MiniOS/miniOS.o
LOAD ./Minisumo_EDU1.o
LOAD ./hal.o
START GROUP
LOAD /usr/local/Cellar/avr-gcc/9.3.0/lib/avr-gcc/9/gcc/avr/9.3.0/avr5/libgcc.a
LOAD /usr/local/Cellar/avr-gcc/9.3.0/lib/avr-gcc/9/gcc/avr/9.3.0/../../../../../../avr/lib/avr5/libm.a
LOAD /usr/local/Cellar/avr-gcc/9.3.0/lib/avr-gcc/9/gcc/avr/9.3.0/../../../../../../avr/lib/avr5/libc.a
LOAD /usr/local/Cellar/avr-gcc/9.3.0/lib/avr-gcc/9/gcc/avr/9.3.0/../../../../../../avr/lib/avr5/libatmega328p.a
END GROUP
                0x0000000000020000                __TEXT_REGION_LENGTH__ = DEFINED (__TEXT_REGION_LENGTH__)?__TEXT_REGION_LENGTH__:0x20000
                0x000000000000ffa0                __DATA_REGION_LENGTH__ = DEFINED (__DATA_REGION_LENGTH__)?__DATA_REGION_LENGTH__:0xffa0
                0x0000000000010000                __EEPROM_REGION_LENGTH__ = DEFINED (__EEPROM_REGION_LENGTH__)?__EEPROM_REGION_LENGTH__:0x10000
                0x0000000000000400                __FUSE_REGION_LENGTH__ = DEFINED (__FUSE_REGION_LENGTH__)?__FUSE_REGION_LENGTH__:0x400
                0x0000000000000400                __LOCK_REGION_LENGTH__ = DEFINED (__LOCK_REGION_LENGTH__)?__LOCK_REGION_LENGTH__:0x400
                0x0000000000000400                __SIGNATURE_REGION_LENGTH__ = DEFINED (__SIGNATURE_REGION_LENGTH__)?__SIGNATURE_REGION_LENGTH__:0x400
                0x0000000000000400                __USER_SIGNATURE_REGION_LENGTH__ = DEFINED (__USER_SIGNATURE_REGION_LENGTH__)?__USER_SIGNATURE_REGION_LENGTH__:0x400

.hash
 *(.hash)

.dynsym
 *(.dynsym)

.dynstr
 *(.dynstr)

.gnu.version
 *(.gnu.version)

.gnu.version_d
 *(.gnu.version_d)

.gnu.version_r
 *(.gnu.version_r)

.rel.init
 *(.rel.init)

.rela.init
 *(.rela.init)

.rel.text
 *(.rel.text)
 *(.rel.text.*)
 *(.rel.gnu.linkonce.t*)

.rela.text
 *(.rela.text)
 *(.rela.text.*)
 *(.rela.gnu.linkonce.t*)

.rel.fini
 *(.rel.fini)

.rela.fini
 *(.rela.fini)

.rel.rodata
 *(.rel.rodata)
 *(.rel.rodata.*)
 *(.rel.gnu.linkonce.r*)

.rela.rodata
 *(.rela.rodata)
 *(.rela.rodata.*)
 *(.rela.gnu.linkonce.r*)

.rel.data
 *(.rel.data)
 *(.rel.data.*)
 *(.rel.gnu.linkonce.d*)

.rela.data
 *(.rela.data)
 *(.rela.data.*)
 *(.rela.gnu.linkonce.d*)

.rel.ctors
 *(.rel.ctors)

.rela.ctors
 *(.rela.ctors)

.rel.dtors
 *(.rel.dtors)

.rela.dtors
 *(.rela.dtors)

.rel.got
 *(.rel.got)

.rela.got
 *(.rela.got)

.rel.bss
 *(.rel.bss)

.rela.bss
 *(.rela.bss)

.rel.plt
 *(.rel.plt)

.rela.plt
 *(.rela.plt)

.text           0x0000000000000000     0x4e96
 *(.vectors)
 .vectors       0x0000000000000000       0x68 /usr/local/Cellar/avr-gcc/9.3.0/lib/avr-gcc/9/gcc/avr/9.3.0/../../../../../../avr/lib/avr5/crtatmega328p.o
                0x0000000000000000                __vectors
                0x0000000000000000                __vector_default
 *(.vectors)
 *(.progmem.gcc*)
                0x0000000000000068                . = ALIGN (0x2)
                0x0000000000000068                __trampolines_start = .
 *(.trampolines)
 .trampolines   0x0000000000000068        0x0 linker stubs
 *(.trampolines*)
                0x0000000000000068                __trampolines_end = .
 *libprintf_flt.a:*(.progmem.data)
 *libc.a:*(.progmem.data)
 *(.progmem.*)
 .progmem.data.my_font
                0x0000000000000068      0x4fb ./MiniOS/oled/ssd1306.o
 .progmem.data.trigTab
                0x0000000000000563       0xb6 ./hal.o
                0x000000000000061a                . = ALIGN (0x2)
 *fill*         0x0000000000000619        0x1 
 *(.lowtext)
 *(.lowtext*)
                0x000000000000061a                __ctors_start = .
 *(.ctors)
                0x000000000000061a                __ctors_end = .
                0x000000000000061a                __dtors_start = .
 *(.dtors)
                0x000000000000061a                __dtors_end = .
 SORT_BY_NAME(*)(.ctors)
 SORT_BY_NAME(*)(.dtors)
 *(.init0)
 .init0         0x000000000000061a        0x0 /usr/local/Cellar/avr-gcc/9.3.0/lib/avr-gcc/9/gcc/avr/9.3.0/../../../../../../avr/lib/avr5/crtatmega328p.o
                0x000000000000061a                __init
 *(.init0)
 *(.init1)
 *(.init1)
 *(.init2)
 .init2         0x000000000000061a        0xc /usr/local/Cellar/avr-gcc/9.3.0/lib/avr-gcc/9/gcc/avr/9.3.0/../../../../../../avr/lib/avr5/crtatmega328p.o
 *(.init2)
 *(.init3)
 *(.init3)
 *(.init4)
 .init4         0x0000000000000626       0x16 /usr/local/Cellar/avr-gcc/9.3.0/lib/avr-gcc/9/gcc/avr/9.3.0/avr5/libgcc.a(_copy_data.o)
                0x0000000000000626                __do_copy_data
 .init4         0x000000000000063c       0x10 /usr/local/Cellar/avr-gcc/9.3.0/lib/avr-gcc/9/gcc/avr/9.3.0/avr5/libgcc.a(_clear_bss.o)
                0x000000000000063c                __do_clear_bss
 *(.init4)
 *(.init5)
 *(.init5)
 *(.init6)
 *(.init6)
 *(.init7)
 *(.init7)
 *(.init8)
 *(.init8)
 *(.init9)
 .init9         0x000000000000064c        0x8 /usr/local/Cellar/avr-gcc/9.3.0/lib/avr-gcc/9/gcc/avr/9.3.0/../../../../../../avr/lib/avr5/crtatmega328p.o
 *(.init9)
 *(.text)
 .text          0x0000000000000654        0x4 /usr/local/Cellar/avr-gcc/9.3.0/lib/avr-gcc/9/gcc/avr/9.3.0/../../../../../../avr/lib/avr5/crtatmega328p.o
                0x0000000000000654                __vector_20
                0x0000000000000654                __vector_24
                0x0000000000000654                __vector_12
                0x0000000000000654                __bad_interrupt
                0x0000000000000654                __vector_6
                0x0000000000000654                __vector_3
                0x0000000000000654                __vector_23
                0x0000000000000654                __vector_25
                0x0000000000000654                __vector_11
                0x0000000000000654                __vector_13
                0x0000000000000654                __vector_17
                0x0000000000000654                __vector_19
                0x0000000000000654                __vector_7
                0x0000000000000654                __vector_5
                0x0000000000000654                __vector_4
                0x0000000000000654                __vector_9
                0x0000000000000654                __vector_21
                0x0000000000000654                __vector_15
                0x0000000000000654                __vector_8
                0x0000000000000654                __vector_14
                0x0000000000000654                __vector_10
                0x0000000000000654                __vector_18
                0x0000000000000654                __vector_22
 .text          0x0000000000000658        0x0 ./MiniOS/vl53l0x/VL53L0X.o
 .text          0x0000000000000658        0x0 ./MiniOS/rc5/rc5.o
 .text          0x0000000000000658        0x0 ./MiniOS/oled/ssd1306.o
 .text          0x0000000000000658        0x0 ./MiniOS/motor/motor.o
 .text          0x0000000000000658        0x0 ./MiniOS/miniOS.o
 .text          0x0000000000000658        0x0 ./Minisumo_EDU1.o
 .text          0x0000000000000658        0x0 ./hal.o
 .text          0x0000000000000658        0x0 /usr/local/Cellar/avr-gcc/9.3.0/lib/avr-gcc/9/gcc/avr/9.3.0/avr5/libgcc.a(_udivmodhi4.o)
 .text          0x0000000000000658        0x0 /usr/local/Cellar/avr-gcc/9.3.0/lib/avr-gcc/9/gcc/avr/9.3.0/avr5/libgcc.a(_udivmodsi4.o)
 .text          0x0000000000000658        0x0 /usr/local/Cellar/avr-gcc/9.3.0/lib/avr-gcc/9/gcc/avr/9.3.0/avr5/libgcc.a(_divmodsi4.o)
 .text          0x0000000000000658        0x0 /usr/local/Cellar/avr-gcc/9.3.0/lib/avr-gcc/9/gcc/avr/9.3.0/avr5/libgcc.a(_negsi2.o)
 .text          0x0000000000000658        0x0 /usr/local/Cellar/avr-gcc/9.3.0/lib/avr-gcc/9/gcc/avr/9.3.0/avr5/libgcc.a(_exit.o)
 .text          0x0000000000000658        0x0 /usr/local/Cellar/avr-gcc/9.3.0/lib/avr-gcc/9/gcc/avr/9.3.0/avr5/libgcc.a(_copy_data.o)
 .text          0x0000000000000658        0x0 /usr/local/Cellar/avr-gcc/9.3.0/lib/avr-gcc/9/gcc/avr/9.3.0/avr5/libgcc.a(_clear_bss.o)
 .text          0x0000000000000658        0x0 /usr/local/Cellar/avr-gcc/9.3.0/lib/avr-gcc/9/gcc/avr/9.3.0/avr5/libgcc.a(_umulhisi3.o)
 .text          0x0000000000000658        0x0 /usr/local/Cellar/avr-gcc/9.3.0/lib/avr-gcc/9/gcc/avr/9.3.0/avr5/libgcc.a(_muluhisi3.o)
 .text          0x0000000000000658        0x0 /usr/local/Cellar/avr-gcc/9.3.0/lib/avr-gcc/9/gcc/avr/9.3.0/avr5/libgcc.a(_mulshisi3.o)
 .text          0x0000000000000658        0x0 /usr/local/Cellar/avr-gcc/9.3.0/lib/avr-gcc/9/gcc/avr/9.3.0/../../../../../../avr/lib/avr5/libc.a(malloc.o)
 .text          0x0000000000000658        0x0 /usr/local/Cellar/avr-gcc/9.3.0/lib/avr-gcc/9/gcc/avr/9.3.0/../../../../../../avr/lib/avr5/libc.a(sprintf.o)
 .text          0x0000000000000658        0x0 /usr/local/Cellar/avr-gcc/9.3.0/lib/avr-gcc/9/gcc/avr/9.3.0/../../../../../../avr/lib/avr5/libc.a(vfprintf_std.o)
 .text          0x0000000000000658        0x0 /usr/local/Cellar/avr-gcc/9.3.0/lib/avr-gcc/9/gcc/avr/9.3.0/../../../../../../avr/lib/avr5/libc.a(strnlen_P.o)
 .text          0x0000000000000658        0x0 /usr/local/Cellar/avr-gcc/9.3.0/lib/avr-gcc/9/gcc/avr/9.3.0/../../../../../../avr/lib/avr5/libc.a(strnlen.o)
 .text          0x0000000000000658        0x0 /usr/local/Cellar/avr-gcc/9.3.0/lib/avr-gcc/9/gcc/avr/9.3.0/../../../../../../avr/lib/avr5/libc.a(fputc.o)
 .text          0x0000000000000658        0x0 /usr/local/Cellar/avr-gcc/9.3.0/lib/avr-gcc/9/gcc/avr/9.3.0/../../../../../../avr/lib/avr5/libc.a(ultoa_invert.o)
 .text          0x0000000000000658        0x0 /usr/local/Cellar/avr-gcc/9.3.0/lib/avr-gcc/9/gcc/avr/9.3.0/avr5/libgcc.a(_prologue.o)
 .text          0x0000000000000658        0x0 /usr/local/Cellar/avr-gcc/9.3.0/lib/avr-gcc/9/gcc/avr/9.3.0/avr5/libgcc.a(_epilogue.o)
                0x0000000000000658                . = ALIGN (0x2)
 *(.text.*)
 .text.getSpadInfo
                0x0000000000000658      0x16a ./MiniOS/vl53l0x/VL53L0X.o
                0x0000000000000658                getSpadInfo
 .text.timeoutMclksToMicroseconds
                0x00000000000007c2       0xba ./MiniOS/vl53l0x/VL53L0X.o
                0x00000000000007c2                timeoutMclksToMicroseconds
 .text.timeoutMicrosecondsToMclks
                0x000000000000087c       0xba ./MiniOS/vl53l0x/VL53L0X.o
                0x000000000000087c                timeoutMicrosecondsToMclks
 .text.performSingleRefCalibration
                0x0000000000000936       0xb8 ./MiniOS/vl53l0x/VL53L0X.o
                0x0000000000000936                performSingleRefCalibration
 .text.decodeTimeout
                0x00000000000009ee       0x12 ./MiniOS/vl53l0x/VL53L0X.o
                0x00000000000009ee                decodeTimeout
 .text.encodeTimeout
                0x0000000000000a00       0x3c ./MiniOS/vl53l0x/VL53L0X.o
                0x0000000000000a00                encodeTimeout
 .text.getSequenceStepEnables
                0x0000000000000a3c       0x3a ./MiniOS/vl53l0x/VL53L0X.o
                0x0000000000000a3c                getSequenceStepEnables
 .text.preinitVL53L0X
                0x0000000000000a76       0x4e ./MiniOS/vl53l0x/VL53L0X.o
                0x0000000000000a76                preinitVL53L0X
 .text.setSignalRateLimit
                0x0000000000000ac4       0x5c ./MiniOS/vl53l0x/VL53L0X.o
                0x0000000000000ac4                setSignalRateLimit
 .text.getVcselPulsePeriod
                0x0000000000000b20       0x1c ./MiniOS/vl53l0x/VL53L0X.o
                0x0000000000000b20                getVcselPulsePeriod
 .text.getSequenceStepTimeouts
                0x0000000000000b3c       0xa2 ./MiniOS/vl53l0x/VL53L0X.o
                0x0000000000000b3c                getSequenceStepTimeouts
 .text.setMeasurementTimingBudget
                0x0000000000000bde      0x156 ./MiniOS/vl53l0x/VL53L0X.o
                0x0000000000000bde                setMeasurementTimingBudget
 .text.getMeasurementTimingBudget
                0x0000000000000d34       0xf2 ./MiniOS/vl53l0x/VL53L0X.o
                0x0000000000000d34                getMeasurementTimingBudget
 .text.initVL53L0X
                0x0000000000000e26      0x4fe ./MiniOS/vl53l0x/VL53L0X.o
                0x0000000000000e26                initVL53L0X
 .text.setVcselPulsePeriod
                0x0000000000001324      0x21e ./MiniOS/vl53l0x/VL53L0X.o
                0x0000000000001324                setVcselPulsePeriod
 .text.startContinuous
                0x0000000000001542       0x8a ./MiniOS/vl53l0x/VL53L0X.o
                0x0000000000001542                startContinuous
 .text.readRangeContinousSensor
                0x00000000000015cc       0x42 ./MiniOS/vl53l0x/VL53L0X.o
                0x00000000000015cc                readRangeContinousSensor
 .text.checkRangeContinousSensor
                0x000000000000160e      0x112 ./MiniOS/vl53l0x/VL53L0X.o
                0x000000000000160e                checkRangeContinousSensor
 .text.setvl53l0xinstance
                0x0000000000001720       0x14 ./MiniOS/vl53l0x/VL53L0X.o
                0x0000000000001720                setvl53l0xinstance
 .text.initVL53L0X_to_continous
                0x0000000000001734       0xb4 ./MiniOS/vl53l0x/VL53L0X.o
                0x0000000000001734                initVL53L0X_to_continous
 .text.RC5_read
                0x00000000000017e8      0x224 ./MiniOS/rc5/rc5.o
 .text.rc5_check
                0x0000000000001a0c       0xb2 ./MiniOS/rc5/rc5.o
                0x0000000000001a0c                rc5_check
 .text.rc5_init
                0x0000000000001abe       0x14 ./MiniOS/rc5/rc5.o
                0x0000000000001abe                rc5_init
 .text.set_rotation
                0x0000000000001ad2       0x40 ./MiniOS/oled/ssd1306.o
                0x0000000000001ad2                set_rotation
 .text.ssd1306_init_i2c
                0x0000000000001b12        0xa ./MiniOS/oled/ssd1306.o
                0x0000000000001b12                ssd1306_init_i2c
 .text.ssd1306_begin
                0x0000000000001b1c      0x146 ./MiniOS/oled/ssd1306.o
                0x0000000000001b1c                ssd1306_begin
 .text.ssd1306_draw_pixel
                0x0000000000001c62      0x154 ./MiniOS/oled/ssd1306.o
                0x0000000000001c62                ssd1306_draw_pixel
 .text.ssd1306_invert_display
                0x0000000000001db6       0x22 ./MiniOS/oled/ssd1306.o
                0x0000000000001db6                ssd1306_invert_display
 .text.ssd1306_display
                0x0000000000001dd8       0x4e ./MiniOS/oled/ssd1306.o
                0x0000000000001dd8                ssd1306_display
 .text.ssd1306_clear_display
                0x0000000000001e26       0x16 ./MiniOS/oled/ssd1306.o
                0x0000000000001e26                ssd1306_clear_display
 .text.ssd1306_draw_fast_hline_internal
                0x0000000000001e3c       0xd6 ./MiniOS/oled/ssd1306.o
                0x0000000000001e3c                ssd1306_draw_fast_hline_internal
 .text.ssd1306_draw_fast_vline_internal
                0x0000000000001f12      0x18c ./MiniOS/oled/ssd1306.o
                0x0000000000001f12                ssd1306_draw_fast_vline_internal
 .text.ssd1306_draw_fast_hline
                0x000000000000209e       0x6c ./MiniOS/oled/ssd1306.o
                0x000000000000209e                ssd1306_draw_fast_hline
 .text.ssd1306_draw_fast_vline
                0x000000000000210a       0x6a ./MiniOS/oled/ssd1306.o
                0x000000000000210a                ssd1306_draw_fast_vline
 .text.ssd1306_draw_circle
                0x0000000000002174      0x1ae ./MiniOS/oled/ssd1306.o
                0x0000000000002174                ssd1306_draw_circle
 .text.ssd1306_draw_circle_helper
                0x0000000000002322      0x14c ./MiniOS/oled/ssd1306.o
                0x0000000000002322                ssd1306_draw_circle_helper
 .text.ssd1306_fill_circle_helper
                0x000000000000246e      0x154 ./MiniOS/oled/ssd1306.o
                0x000000000000246e                ssd1306_fill_circle_helper
 .text.ssd1306_fill_circle
                0x00000000000025c2       0x54 ./MiniOS/oled/ssd1306.o
                0x00000000000025c2                ssd1306_fill_circle
 .text.ssd1306_draw_line
                0x0000000000002616      0x146 ./MiniOS/oled/ssd1306.o
                0x0000000000002616                ssd1306_draw_line
 .text.ssd1306_draw_rect
                0x000000000000275c       0x68 ./MiniOS/oled/ssd1306.o
                0x000000000000275c                ssd1306_draw_rect
 .text.ssd1306_fill_rect
                0x00000000000027c4       0x54 ./MiniOS/oled/ssd1306.o
                0x00000000000027c4                ssd1306_fill_rect
 .text.ssd1306_fill_screen
                0x0000000000002818       0x28 ./MiniOS/oled/ssd1306.o
                0x0000000000002818                ssd1306_fill_screen
 .text.ssd1306_draw_round_rect
                0x0000000000002840      0x124 ./MiniOS/oled/ssd1306.o
                0x0000000000002840                ssd1306_draw_round_rect
 .text.ssd1306_fill_round_rect
                0x0000000000002964       0x9e ./MiniOS/oled/ssd1306.o
                0x0000000000002964                ssd1306_fill_round_rect
 .text.ssd1306_draw_triangle
                0x0000000000002a02       0x70 ./MiniOS/oled/ssd1306.o
                0x0000000000002a02                ssd1306_draw_triangle
 .text.ssd1306_fill_triangle
                0x0000000000002a72      0x408 ./MiniOS/oled/ssd1306.o
                0x0000000000002a72                ssd1306_fill_triangle
 .text.ssd1306_draw_char
                0x0000000000002e7a      0x17a ./MiniOS/oled/ssd1306.o
                0x0000000000002e7a                ssd1306_draw_char
 .text.ssd1306_write
                0x0000000000002ff4       0xdc ./MiniOS/oled/ssd1306.o
                0x0000000000002ff4                ssd1306_write
 .text.ssd1306_set_cursor
                0x00000000000030d0       0x12 ./MiniOS/oled/ssd1306.o
                0x00000000000030d0                ssd1306_set_cursor
 .text.ssd1306_get_cursor_x
                0x00000000000030e2        0xa ./MiniOS/oled/ssd1306.o
                0x00000000000030e2                ssd1306_get_cursor_x
 .text.ssd1306_get_cursor_y
                0x00000000000030ec        0xa ./MiniOS/oled/ssd1306.o
                0x00000000000030ec                ssd1306_get_cursor_y
 .text.ssd1306_set_textsize
                0x00000000000030f6        0xc ./MiniOS/oled/ssd1306.o
                0x00000000000030f6                ssd1306_set_textsize
 .text.ssd1306_set_textcolor
                0x0000000000003102       0x12 ./MiniOS/oled/ssd1306.o
                0x0000000000003102                ssd1306_set_textcolor
 .text.ssd1306_set_textcolor_bg
                0x0000000000003114       0x12 ./MiniOS/oled/ssd1306.o
                0x0000000000003114                ssd1306_set_textcolor_bg
 .text.ssd1306_set_textwrap
                0x0000000000003126        0x6 ./MiniOS/oled/ssd1306.o
                0x0000000000003126                ssd1306_set_textwrap
 .text.ssd1306_get_rotation
                0x000000000000312c        0x6 ./MiniOS/oled/ssd1306.o
                0x000000000000312c                ssd1306_get_rotation
 .text.ssd1306_set_rotation
                0x0000000000003132        0x4 ./MiniOS/oled/ssd1306.o
                0x0000000000003132                ssd1306_set_rotation
 .text.ssd1306_cp437
                0x0000000000003136        0x6 ./MiniOS/oled/ssd1306.o
                0x0000000000003136                ssd1306_cp437
 .text.ssd1306_putstring
                0x000000000000313c       0x18 ./MiniOS/oled/ssd1306.o
                0x000000000000313c                ssd1306_putstring
 .text.ssd1306_puts
                0x0000000000003154        0xa ./MiniOS/oled/ssd1306.o
                0x0000000000003154                ssd1306_puts
 .text.Motor    0x000000000000315e      0x124 ./MiniOS/motor/motor.o
                0x000000000000315e                Motor
 .text.Motor_Init
                0x0000000000003282       0x6c ./MiniOS/motor/motor.o
                0x0000000000003282                Motor_Init
 .text.oled_init
                0x00000000000032ee       0x54 ./MiniOS/miniOS.o
                0x00000000000032ee                oled_init
 .text.oled_print_ring
                0x0000000000003342      0x11e ./MiniOS/miniOS.o
                0x0000000000003342                oled_print_ring
 .text.oled_print
                0x0000000000003460       0x7e ./MiniOS/miniOS.o
                0x0000000000003460                oled_print
 .text.oled_clear
                0x00000000000034de        0x4 ./MiniOS/miniOS.o
                0x00000000000034de                oled_clear
 .text.oled_fill
                0x00000000000034e2        0x8 ./MiniOS/miniOS.o
                0x00000000000034e2                oled_fill
 .text.init_range_sensor_stack
                0x00000000000034ea       0x24 ./MiniOS/miniOS.o
                0x00000000000034ea                init_range_sensor_stack
 .text.add_range_sensor
                0x000000000000350e       0x5e ./MiniOS/miniOS.o
                0x000000000000350e                add_range_sensor
 .text.set_max_sensor_range
                0x000000000000356c        0xa ./MiniOS/miniOS.o
                0x000000000000356c                set_max_sensor_range
 .text.get_max_sensor_range
                0x0000000000003576        0xa ./MiniOS/miniOS.o
                0x0000000000003576                get_max_sensor_range
 .text.get_range_sensor_instance
                0x0000000000003580       0x2c ./MiniOS/miniOS.o
                0x0000000000003580                get_range_sensor_instance
 .text.init_range_sensors_instances
                0x00000000000035ac       0x42 ./MiniOS/miniOS.o
                0x00000000000035ac                init_range_sensors_instances
 .text.check_distance
                0x00000000000035ee      0x1b6 ./MiniOS/miniOS.o
                0x00000000000035ee                check_distance
 .text.set_analog_sensor_treshold
                0x00000000000037a4        0xa ./MiniOS/miniOS.o
                0x00000000000037a4                set_analog_sensor_treshold
 .text.get_analog_sensor_treshold
                0x00000000000037ae        0xa ./MiniOS/miniOS.o
                0x00000000000037ae                get_analog_sensor_treshold
 .text.init_analog_sensor
                0x00000000000037b8        0x6 ./MiniOS/miniOS.o
                0x00000000000037b8                init_analog_sensor
 .text.get_analog_value
                0x00000000000037be        0x4 ./MiniOS/miniOS.o
                0x00000000000037be                get_analog_value
 .text.get_analog_sensor
                0x00000000000037c2       0x1a ./MiniOS/miniOS.o
                0x00000000000037c2                get_analog_sensor
 .text.get_battery_lvl_mv
                0x00000000000037dc       0x4e ./MiniOS/miniOS.o
                0x00000000000037dc                get_battery_lvl_mv
 .text.led      0x000000000000382a        0xa ./MiniOS/miniOS.o
                0x000000000000382a                led
 .text.init_led
                0x0000000000003834        0x6 ./MiniOS/miniOS.o
                0x0000000000003834                init_led
 .text.miniOS_init
                0x000000000000383a        0x8 ./MiniOS/miniOS.o
                0x000000000000383a                miniOS_init
 .text.init_range_sensors
                0x0000000000003842       0xda ./Minisumo_EDU1.o
                0x0000000000003842                init_range_sensors
 .text.init_analog_sensors
                0x000000000000391c       0x1a ./Minisumo_EDU1.o
                0x000000000000391c                init_analog_sensors
 .text.motorcfg_init
                0x0000000000003936       0x2c ./Minisumo_EDU1.o
                0x0000000000003936                motorcfg_init
 .text.my_init  0x0000000000003962       0x66 ./Minisumo_EDU1.o
                0x0000000000003962                my_init
 .text.update_display_main
                0x00000000000039c8      0x1ae ./Minisumo_EDU1.o
                0x00000000000039c8                update_display_main
 .text.my_loop  0x0000000000003b76       0x16 ./Minisumo_EDU1.o
                0x0000000000003b76                my_loop
 .text.startup.main
                0x0000000000003b8c        0xa ./Minisumo_EDU1.o
                0x0000000000003b8c                main
 .text.i2c_Start.part.0
                0x0000000000003b96       0x1c ./hal.o
 .text.i2c_Start.constprop.0
                0x0000000000003bb2       0x2e ./hal.o
 .text.yield    0x0000000000003be0        0x2 ./hal.o
                0x0000000000003be0                yield
 .text.read_sine_tab
                0x0000000000003be2       0x18 ./hal.o
                0x0000000000003be2                read_sine_tab
 .text.hal_sin_deg_int16
                0x0000000000003bfa       0x5e ./hal.o
                0x0000000000003bfa                hal_sin_deg_int16
 .text.hal_cos_deg_int16
                0x0000000000003c58        0x8 ./hal.o
                0x0000000000003c58                hal_cos_deg_int16
 .text.gpio_to_timer
                0x0000000000003c60       0x16 ./hal.o
                0x0000000000003c60                gpio_to_timer
 .text.gpio_to_info
                0x0000000000003c76       0x1c ./hal.o
                0x0000000000003c76                gpio_to_info
 .text.gpio_to_num
                0x0000000000003c92       0x1c ./hal.o
                0x0000000000003c92                gpio_to_num
 .text.gpioSet  0x0000000000003cae       0xaa ./hal.o
                0x0000000000003cae                gpioSet
 .text.gpioGet  0x0000000000003d58       0x46 ./hal.o
                0x0000000000003d58                gpioGet
 .text.pwmSet   0x0000000000003d9e       0xa8 ./hal.o
                0x0000000000003d9e                pwmSet
 .text.analogReference
                0x0000000000003e46        0x6 ./hal.o
                0x0000000000003e46                analogReference
 .text.adcGet   0x0000000000003e4c       0x36 ./hal.o
                0x0000000000003e4c                adcGet
 .text.gpioInit
                0x0000000000003e82       0xe6 ./hal.o
                0x0000000000003e82                gpioInit
 .text.__vector_1
                0x0000000000003f68       0x66 ./hal.o
                0x0000000000003f68                __vector_1
 .text.__vector_2
                0x0000000000003fce       0x66 ./hal.o
                0x0000000000003fce                __vector_2
 .text.gpioSetInt
                0x0000000000004034       0x50 ./hal.o
                0x0000000000004034                gpioSetInt
 .text.gpioRemoveInt
                0x0000000000004084       0x22 ./hal.o
                0x0000000000004084                gpioRemoveInt
 .text.__vector_16
                0x00000000000040a6       0x90 ./hal.o
                0x00000000000040a6                __vector_16
 .text.hal_millis
                0x0000000000004136       0x40 ./hal.o
                0x0000000000004136                hal_millis
 .text.hal_micros
                0x0000000000004176       0x66 ./hal.o
                0x0000000000004176                hal_micros
 .text.hal_delay
                0x00000000000041dc       0x82 ./hal.o
                0x00000000000041dc                hal_delay
 .text.i2c_Write
                0x000000000000425e       0x22 ./hal.o
                0x000000000000425e                i2c_Write
 .text.i2c_Read
                0x0000000000004280       0x1c ./hal.o
                0x0000000000004280                i2c_Read
 .text.i2c_Start
                0x000000000000429c       0x2e ./hal.o
                0x000000000000429c                i2c_Start
 .text.i2c_Stop
                0x00000000000042ca        0x8 ./hal.o
                0x00000000000042ca                i2c_Stop
 .text.i2c_set_reg_instance
                0x00000000000042d2        0xe ./hal.o
                0x00000000000042d2                i2c_set_reg_instance
 .text.i2c_writeReg
                0x00000000000042e0       0x28 ./hal.o
                0x00000000000042e0                i2c_writeReg
 .text.i2c_writeReg16Bit
                0x0000000000004308       0x32 ./hal.o
                0x0000000000004308                i2c_writeReg16Bit
 .text.i2c_writeReg32Bit
                0x000000000000433a       0x4a ./hal.o
                0x000000000000433a                i2c_writeReg32Bit
 .text.i2c_readReg
                0x0000000000004384       0x2c ./hal.o
                0x0000000000004384                i2c_readReg
 .text.i2c_readReg16Bit
                0x00000000000043b0       0x44 ./hal.o
                0x00000000000043b0                i2c_readReg16Bit
 .text.i2c_readReg32Bit
                0x00000000000043f4       0x82 ./hal.o
                0x00000000000043f4                i2c_readReg32Bit
 .text.i2c_writeMulti
                0x0000000000004476       0x54 ./hal.o
                0x0000000000004476                i2c_writeMulti
 .text.i2c_readMulti
                0x00000000000044ca       0x62 ./hal.o
                0x00000000000044ca                i2c_readMulti
 .text.init_hal
                0x000000000000452c       0x7c ./hal.o
                0x000000000000452c                init_hal
 .text.libgcc.mul
                0x00000000000045a8        0x0 /usr/local/Cellar/avr-gcc/9.3.0/lib/avr-gcc/9/gcc/avr/9.3.0/avr5/libgcc.a(_udivmodhi4.o)
 .text.libgcc.div
                0x00000000000045a8       0x28 /usr/local/Cellar/avr-gcc/9.3.0/lib/avr-gcc/9/gcc/avr/9.3.0/avr5/libgcc.a(_udivmodhi4.o)
                0x00000000000045a8                __udivmodhi4
 .text.libgcc   0x00000000000045d0        0x0 /usr/local/Cellar/avr-gcc/9.3.0/lib/avr-gcc/9/gcc/avr/9.3.0/avr5/libgcc.a(_udivmodhi4.o)
 .text.libgcc.prologue
                0x00000000000045d0        0x0 /usr/local/Cellar/avr-gcc/9.3.0/lib/avr-gcc/9/gcc/avr/9.3.0/avr5/libgcc.a(_udivmodhi4.o)
 .text.libgcc.builtins
                0x00000000000045d0        0x0 /usr/local/Cellar/avr-gcc/9.3.0/lib/avr-gcc/9/gcc/avr/9.3.0/avr5/libgcc.a(_udivmodhi4.o)
 .text.libgcc.fmul
                0x00000000000045d0        0x0 /usr/local/Cellar/avr-gcc/9.3.0/lib/avr-gcc/9/gcc/avr/9.3.0/avr5/libgcc.a(_udivmodhi4.o)
 .text.libgcc.fixed
                0x00000000000045d0        0x0 /usr/local/Cellar/avr-gcc/9.3.0/lib/avr-gcc/9/gcc/avr/9.3.0/avr5/libgcc.a(_udivmodhi4.o)
 .text.libgcc.mul
                0x00000000000045d0        0x0 /usr/local/Cellar/avr-gcc/9.3.0/lib/avr-gcc/9/gcc/avr/9.3.0/avr5/libgcc.a(_udivmodsi4.o)
 .text.libgcc.div
                0x00000000000045d0       0x44 /usr/local/Cellar/avr-gcc/9.3.0/lib/avr-gcc/9/gcc/avr/9.3.0/avr5/libgcc.a(_udivmodsi4.o)
                0x00000000000045d0                __udivmodsi4
 .text.libgcc   0x0000000000004614        0x0 /usr/local/Cellar/avr-gcc/9.3.0/lib/avr-gcc/9/gcc/avr/9.3.0/avr5/libgcc.a(_udivmodsi4.o)
 .text.libgcc.prologue
                0x0000000000004614        0x0 /usr/local/Cellar/avr-gcc/9.3.0/lib/avr-gcc/9/gcc/avr/9.3.0/avr5/libgcc.a(_udivmodsi4.o)
 .text.libgcc.builtins
                0x0000000000004614        0x0 /usr/local/Cellar/avr-gcc/9.3.0/lib/avr-gcc/9/gcc/avr/9.3.0/avr5/libgcc.a(_udivmodsi4.o)
 .text.libgcc.fmul
                0x0000000000004614        0x0 /usr/local/Cellar/avr-gcc/9.3.0/lib/avr-gcc/9/gcc/avr/9.3.0/avr5/libgcc.a(_udivmodsi4.o)
 .text.libgcc.fixed
                0x0000000000004614        0x0 /usr/local/Cellar/avr-gcc/9.3.0/lib/avr-gcc/9/gcc/avr/9.3.0/avr5/libgcc.a(_udivmodsi4.o)
 .text.libgcc.mul
                0x0000000000004614        0x0 /usr/local/Cellar/avr-gcc/9.3.0/lib/avr-gcc/9/gcc/avr/9.3.0/avr5/libgcc.a(_divmodsi4.o)
 .text.libgcc.div
                0x0000000000004614       0x2e /usr/local/Cellar/avr-gcc/9.3.0/lib/avr-gcc/9/gcc/avr/9.3.0/avr5/libgcc.a(_divmodsi4.o)
                0x0000000000004614                __divmodsi4
 .text.libgcc   0x0000000000004642        0x0 /usr/local/Cellar/avr-gcc/9.3.0/lib/avr-gcc/9/gcc/avr/9.3.0/avr5/libgcc.a(_divmodsi4.o)
 .text.libgcc.prologue
                0x0000000000004642        0x0 /usr/local/Cellar/avr-gcc/9.3.0/lib/avr-gcc/9/gcc/avr/9.3.0/avr5/libgcc.a(_divmodsi4.o)
 .text.libgcc.builtins
                0x0000000000004642        0x0 /usr/local/Cellar/avr-gcc/9.3.0/lib/avr-gcc/9/gcc/avr/9.3.0/avr5/libgcc.a(_divmodsi4.o)
 .text.libgcc.fmul
                0x0000000000004642        0x0 /usr/local/Cellar/avr-gcc/9.3.0/lib/avr-gcc/9/gcc/avr/9.3.0/avr5/libgcc.a(_divmodsi4.o)
 .text.libgcc.fixed
                0x0000000000004642        0x0 /usr/local/Cellar/avr-gcc/9.3.0/lib/avr-gcc/9/gcc/avr/9.3.0/avr5/libgcc.a(_divmodsi4.o)
 .text.libgcc.mul
                0x0000000000004642        0x0 /usr/local/Cellar/avr-gcc/9.3.0/lib/avr-gcc/9/gcc/avr/9.3.0/avr5/libgcc.a(_negsi2.o)
 .text.libgcc.div
                0x0000000000004642       0x10 /usr/local/Cellar/avr-gcc/9.3.0/lib/avr-gcc/9/gcc/avr/9.3.0/avr5/libgcc.a(_negsi2.o)
                0x0000000000004642                __negsi2
 .text.libgcc   0x0000000000004652        0x0 /usr/local/Cellar/avr-gcc/9.3.0/lib/avr-gcc/9/gcc/avr/9.3.0/avr5/libgcc.a(_negsi2.o)
 .text.libgcc.prologue
                0x0000000000004652        0x0 /usr/local/Cellar/avr-gcc/9.3.0/lib/avr-gcc/9/gcc/avr/9.3.0/avr5/libgcc.a(_negsi2.o)
 .text.libgcc.builtins
                0x0000000000004652        0x0 /usr/local/Cellar/avr-gcc/9.3.0/lib/avr-gcc/9/gcc/avr/9.3.0/avr5/libgcc.a(_negsi2.o)
 .text.libgcc.fmul
                0x0000000000004652        0x0 /usr/local/Cellar/avr-gcc/9.3.0/lib/avr-gcc/9/gcc/avr/9.3.0/avr5/libgcc.a(_negsi2.o)
 .text.libgcc.fixed
                0x0000000000004652        0x0 /usr/local/Cellar/avr-gcc/9.3.0/lib/avr-gcc/9/gcc/avr/9.3.0/avr5/libgcc.a(_negsi2.o)
 .text.libgcc.mul
                0x0000000000004652        0x0 /usr/local/Cellar/avr-gcc/9.3.0/lib/avr-gcc/9/gcc/avr/9.3.0/avr5/libgcc.a(_exit.o)
 .text.libgcc.div
                0x0000000000004652        0x0 /usr/local/Cellar/avr-gcc/9.3.0/lib/avr-gcc/9/gcc/avr/9.3.0/avr5/libgcc.a(_exit.o)
 .text.libgcc   0x0000000000004652        0x0 /usr/local/Cellar/avr-gcc/9.3.0/lib/avr-gcc/9/gcc/avr/9.3.0/avr5/libgcc.a(_exit.o)
 .text.libgcc.prologue
                0x0000000000004652        0x0 /usr/local/Cellar/avr-gcc/9.3.0/lib/avr-gcc/9/gcc/avr/9.3.0/avr5/libgcc.a(_exit.o)
 .text.libgcc.builtins
                0x0000000000004652        0x0 /usr/local/Cellar/avr-gcc/9.3.0/lib/avr-gcc/9/gcc/avr/9.3.0/avr5/libgcc.a(_exit.o)
 .text.libgcc.fmul
                0x0000000000004652        0x0 /usr/local/Cellar/avr-gcc/9.3.0/lib/avr-gcc/9/gcc/avr/9.3.0/avr5/libgcc.a(_exit.o)
 .text.libgcc.fixed
                0x0000000000004652        0x0 /usr/local/Cellar/avr-gcc/9.3.0/lib/avr-gcc/9/gcc/avr/9.3.0/avr5/libgcc.a(_exit.o)
 .text.libgcc.mul
                0x0000000000004652        0x0 /usr/local/Cellar/avr-gcc/9.3.0/lib/avr-gcc/9/gcc/avr/9.3.0/avr5/libgcc.a(_copy_data.o)
 .text.libgcc.div
                0x0000000000004652        0x0 /usr/local/Cellar/avr-gcc/9.3.0/lib/avr-gcc/9/gcc/avr/9.3.0/avr5/libgcc.a(_copy_data.o)
 .text.libgcc   0x0000000000004652        0x0 /usr/local/Cellar/avr-gcc/9.3.0/lib/avr-gcc/9/gcc/avr/9.3.0/avr5/libgcc.a(_copy_data.o)
 .text.libgcc.prologue
                0x0000000000004652        0x0 /usr/local/Cellar/avr-gcc/9.3.0/lib/avr-gcc/9/gcc/avr/9.3.0/avr5/libgcc.a(_copy_data.o)
 .text.libgcc.builtins
                0x0000000000004652        0x0 /usr/local/Cellar/avr-gcc/9.3.0/lib/avr-gcc/9/gcc/avr/9.3.0/avr5/libgcc.a(_copy_data.o)
 .text.libgcc.fmul
                0x0000000000004652        0x0 /usr/local/Cellar/avr-gcc/9.3.0/lib/avr-gcc/9/gcc/avr/9.3.0/avr5/libgcc.a(_copy_data.o)
 .text.libgcc.fixed
                0x0000000000004652        0x0 /usr/local/Cellar/avr-gcc/9.3.0/lib/avr-gcc/9/gcc/avr/9.3.0/avr5/libgcc.a(_copy_data.o)
 .text.libgcc.mul
                0x0000000000004652        0x0 /usr/local/Cellar/avr-gcc/9.3.0/lib/avr-gcc/9/gcc/avr/9.3.0/avr5/libgcc.a(_clear_bss.o)
 .text.libgcc.div
                0x0000000000004652        0x0 /usr/local/Cellar/avr-gcc/9.3.0/lib/avr-gcc/9/gcc/avr/9.3.0/avr5/libgcc.a(_clear_bss.o)
 .text.libgcc   0x0000000000004652        0x0 /usr/local/Cellar/avr-gcc/9.3.0/lib/avr-gcc/9/gcc/avr/9.3.0/avr5/libgcc.a(_clear_bss.o)
 .text.libgcc.prologue
                0x0000000000004652        0x0 /usr/local/Cellar/avr-gcc/9.3.0/lib/avr-gcc/9/gcc/avr/9.3.0/avr5/libgcc.a(_clear_bss.o)
 .text.libgcc.builtins
                0x0000000000004652        0x0 /usr/local/Cellar/avr-gcc/9.3.0/lib/avr-gcc/9/gcc/avr/9.3.0/avr5/libgcc.a(_clear_bss.o)
 .text.libgcc.fmul
                0x0000000000004652        0x0 /usr/local/Cellar/avr-gcc/9.3.0/lib/avr-gcc/9/gcc/avr/9.3.0/avr5/libgcc.a(_clear_bss.o)
 .text.libgcc.fixed
                0x0000000000004652        0x0 /usr/local/Cellar/avr-gcc/9.3.0/lib/avr-gcc/9/gcc/avr/9.3.0/avr5/libgcc.a(_clear_bss.o)
 .text.libgcc.mul
                0x0000000000004652       0x1e /usr/local/Cellar/avr-gcc/9.3.0/lib/avr-gcc/9/gcc/avr/9.3.0/avr5/libgcc.a(_umulhisi3.o)
                0x0000000000004652                __umulhisi3
 .text.libgcc.div
                0x0000000000004670        0x0 /usr/local/Cellar/avr-gcc/9.3.0/lib/avr-gcc/9/gcc/avr/9.3.0/avr5/libgcc.a(_umulhisi3.o)
 .text.libgcc   0x0000000000004670        0x0 /usr/local/Cellar/avr-gcc/9.3.0/lib/avr-gcc/9/gcc/avr/9.3.0/avr5/libgcc.a(_umulhisi3.o)
 .text.libgcc.prologue
                0x0000000000004670        0x0 /usr/local/Cellar/avr-gcc/9.3.0/lib/avr-gcc/9/gcc/avr/9.3.0/avr5/libgcc.a(_umulhisi3.o)
 .text.libgcc.builtins
                0x0000000000004670        0x0 /usr/local/Cellar/avr-gcc/9.3.0/lib/avr-gcc/9/gcc/avr/9.3.0/avr5/libgcc.a(_umulhisi3.o)
 .text.libgcc.fmul
                0x0000000000004670        0x0 /usr/local/Cellar/avr-gcc/9.3.0/lib/avr-gcc/9/gcc/avr/9.3.0/avr5/libgcc.a(_umulhisi3.o)
 .text.libgcc.fixed
                0x0000000000004670        0x0 /usr/local/Cellar/avr-gcc/9.3.0/lib/avr-gcc/9/gcc/avr/9.3.0/avr5/libgcc.a(_umulhisi3.o)
 .text.libgcc.mul
                0x0000000000004670       0x16 /usr/local/Cellar/avr-gcc/9.3.0/lib/avr-gcc/9/gcc/avr/9.3.0/avr5/libgcc.a(_muluhisi3.o)
                0x0000000000004670                __muluhisi3
 .text.libgcc.div
                0x0000000000004686        0x0 /usr/local/Cellar/avr-gcc/9.3.0/lib/avr-gcc/9/gcc/avr/9.3.0/avr5/libgcc.a(_muluhisi3.o)
 .text.libgcc   0x0000000000004686        0x0 /usr/local/Cellar/avr-gcc/9.3.0/lib/avr-gcc/9/gcc/avr/9.3.0/avr5/libgcc.a(_muluhisi3.o)
 .text.libgcc.prologue
                0x0000000000004686        0x0 /usr/local/Cellar/avr-gcc/9.3.0/lib/avr-gcc/9/gcc/avr/9.3.0/avr5/libgcc.a(_muluhisi3.o)
 .text.libgcc.builtins
                0x0000000000004686        0x0 /usr/local/Cellar/avr-gcc/9.3.0/lib/avr-gcc/9/gcc/avr/9.3.0/avr5/libgcc.a(_muluhisi3.o)
 .text.libgcc.fmul
                0x0000000000004686        0x0 /usr/local/Cellar/avr-gcc/9.3.0/lib/avr-gcc/9/gcc/avr/9.3.0/avr5/libgcc.a(_muluhisi3.o)
 .text.libgcc.fixed
                0x0000000000004686        0x0 /usr/local/Cellar/avr-gcc/9.3.0/lib/avr-gcc/9/gcc/avr/9.3.0/avr5/libgcc.a(_muluhisi3.o)
 .text.libgcc.mul
                0x0000000000004686       0x10 /usr/local/Cellar/avr-gcc/9.3.0/lib/avr-gcc/9/gcc/avr/9.3.0/avr5/libgcc.a(_mulshisi3.o)
                0x0000000000004686                __mulshisi3
                0x000000000000468c                __mulohisi3
 .text.libgcc.div
                0x0000000000004696        0x0 /usr/local/Cellar/avr-gcc/9.3.0/lib/avr-gcc/9/gcc/avr/9.3.0/avr5/libgcc.a(_mulshisi3.o)
 .text.libgcc   0x0000000000004696        0x0 /usr/local/Cellar/avr-gcc/9.3.0/lib/avr-gcc/9/gcc/avr/9.3.0/avr5/libgcc.a(_mulshisi3.o)
 .text.libgcc.prologue
                0x0000000000004696        0x0 /usr/local/Cellar/avr-gcc/9.3.0/lib/avr-gcc/9/gcc/avr/9.3.0/avr5/libgcc.a(_mulshisi3.o)
 .text.libgcc.builtins
                0x0000000000004696        0x0 /usr/local/Cellar/avr-gcc/9.3.0/lib/avr-gcc/9/gcc/avr/9.3.0/avr5/libgcc.a(_mulshisi3.o)
 .text.libgcc.fmul
                0x0000000000004696        0x0 /usr/local/Cellar/avr-gcc/9.3.0/lib/avr-gcc/9/gcc/avr/9.3.0/avr5/libgcc.a(_mulshisi3.o)
 .text.libgcc.fixed
                0x0000000000004696        0x0 /usr/local/Cellar/avr-gcc/9.3.0/lib/avr-gcc/9/gcc/avr/9.3.0/avr5/libgcc.a(_mulshisi3.o)
 .text.avr-libc
                0x0000000000004696      0x250 /usr/local/Cellar/avr-gcc/9.3.0/lib/avr-gcc/9/gcc/avr/9.3.0/../../../../../../avr/lib/avr5/libc.a(malloc.o)
                0x0000000000004696                malloc
                0x00000000000047c2                free
 .text.avr-libc
                0x00000000000048e6       0x46 /usr/local/Cellar/avr-gcc/9.3.0/lib/avr-gcc/9/gcc/avr/9.3.0/../../../../../../avr/lib/avr5/libc.a(sprintf.o)
                0x00000000000048e6                sprintf
 .text.avr-libc
                0x000000000000492c      0x3b0 /usr/local/Cellar/avr-gcc/9.3.0/lib/avr-gcc/9/gcc/avr/9.3.0/../../../../../../avr/lib/avr5/libc.a(vfprintf_std.o)
                0x000000000000492c                vfprintf
 .text.avr-libc
                0x0000000000004cdc       0x16 /usr/local/Cellar/avr-gcc/9.3.0/lib/avr-gcc/9/gcc/avr/9.3.0/../../../../../../avr/lib/avr5/libc.a(strnlen_P.o)
                0x0000000000004cdc                strnlen_P
 .text.avr-libc
                0x0000000000004cf2       0x16 /usr/local/Cellar/avr-gcc/9.3.0/lib/avr-gcc/9/gcc/avr/9.3.0/../../../../../../avr/lib/avr5/libc.a(strnlen.o)
                0x0000000000004cf2                strnlen
 .text.avr-libc
                0x0000000000004d08       0x60 /usr/local/Cellar/avr-gcc/9.3.0/lib/avr-gcc/9/gcc/avr/9.3.0/../../../../../../avr/lib/avr5/libc.a(fputc.o)
                0x0000000000004d08                fputc
 .text.avr-libc
                0x0000000000004d68       0xbc /usr/local/Cellar/avr-gcc/9.3.0/lib/avr-gcc/9/gcc/avr/9.3.0/../../../../../../avr/lib/avr5/libc.a(ultoa_invert.o)
                0x0000000000004d68                __ultoa_invert
 .text.libgcc.mul
                0x0000000000004e24        0x0 /usr/local/Cellar/avr-gcc/9.3.0/lib/avr-gcc/9/gcc/avr/9.3.0/avr5/libgcc.a(_prologue.o)
 .text.libgcc.div
                0x0000000000004e24        0x0 /usr/local/Cellar/avr-gcc/9.3.0/lib/avr-gcc/9/gcc/avr/9.3.0/avr5/libgcc.a(_prologue.o)
 .text.libgcc   0x0000000000004e24        0x0 /usr/local/Cellar/avr-gcc/9.3.0/lib/avr-gcc/9/gcc/avr/9.3.0/avr5/libgcc.a(_prologue.o)
 .text.libgcc.prologue
                0x0000000000004e24       0x38 /usr/local/Cellar/avr-gcc/9.3.0/lib/avr-gcc/9/gcc/avr/9.3.0/avr5/libgcc.a(_prologue.o)
                0x0000000000004e24                __prologue_saves__
 .text.libgcc.builtins
                0x0000000000004e5c        0x0 /usr/local/Cellar/avr-gcc/9.3.0/lib/avr-gcc/9/gcc/avr/9.3.0/avr5/libgcc.a(_prologue.o)
 .text.libgcc.fmul
                0x0000000000004e5c        0x0 /usr/local/Cellar/avr-gcc/9.3.0/lib/avr-gcc/9/gcc/avr/9.3.0/avr5/libgcc.a(_prologue.o)
 .text.libgcc.fixed
                0x0000000000004e5c        0x0 /usr/local/Cellar/avr-gcc/9.3.0/lib/avr-gcc/9/gcc/avr/9.3.0/avr5/libgcc.a(_prologue.o)
 .text.libgcc.mul
                0x0000000000004e5c        0x0 /usr/local/Cellar/avr-gcc/9.3.0/lib/avr-gcc/9/gcc/avr/9.3.0/avr5/libgcc.a(_epilogue.o)
 .text.libgcc.div
                0x0000000000004e5c        0x0 /usr/local/Cellar/avr-gcc/9.3.0/lib/avr-gcc/9/gcc/avr/9.3.0/avr5/libgcc.a(_epilogue.o)
 .text.libgcc   0x0000000000004e5c        0x0 /usr/local/Cellar/avr-gcc/9.3.0/lib/avr-gcc/9/gcc/avr/9.3.0/avr5/libgcc.a(_epilogue.o)
 .text.libgcc.prologue
                0x0000000000004e5c       0x36 /usr/local/Cellar/avr-gcc/9.3.0/lib/avr-gcc/9/gcc/avr/9.3.0/avr5/libgcc.a(_epilogue.o)
                0x0000000000004e5c                __epilogue_restores__
 .text.libgcc.builtins
                0x0000000000004e92        0x0 /usr/local/Cellar/avr-gcc/9.3.0/lib/avr-gcc/9/gcc/avr/9.3.0/avr5/libgcc.a(_epilogue.o)
 .text.libgcc.fmul
                0x0000000000004e92        0x0 /usr/local/Cellar/avr-gcc/9.3.0/lib/avr-gcc/9/gcc/avr/9.3.0/avr5/libgcc.a(_epilogue.o)
 .text.libgcc.fixed
                0x0000000000004e92        0x0 /usr/local/Cellar/avr-gcc/9.3.0/lib/avr-gcc/9/gcc/avr/9.3.0/avr5/libgcc.a(_epilogue.o)
                0x0000000000004e92                . = ALIGN (0x2)
 *(.fini9)
 .fini9         0x0000000000004e92        0x0 /usr/local/Cellar/avr-gcc/9.3.0/lib/avr-gcc/9/gcc/avr/9.3.0/avr5/libgcc.a(_exit.o)
                0x0000000000004e92                exit
                0x0000000000004e92                _exit
 *(.fini9)
 *(.fini8)
 *(.fini8)
 *(.fini7)
 *(.fini7)
 *(.fini6)
 *(.fini6)
 *(.fini5)
 *(.fini5)
 *(.fini4)
 *(.fini4)
 *(.fini3)
 *(.fini3)
 *(.fini2)
 *(.fini2)
 *(.fini1)
 *(.fini1)
 *(.fini0)
 .fini0         0x0000000000004e92        0x4 /usr/local/Cellar/avr-gcc/9.3.0/lib/avr-gcc/9/gcc/avr/9.3.0/avr5/libgcc.a(_exit.o)
 *(.fini0)
 *(.hightext)
 *(.hightext*)
 *(.progmemx.*)
                0x0000000000004e96                . = ALIGN (0x2)
 *(.jumptables)
 *(.jumptables*)
                0x0000000000004e96                _etext = .

.data           0x0000000000800100       0x34 load address 0x0000000000004e96
                0x0000000000800100                PROVIDE (__data_start = .)
 *(.data)
 .data          0x0000000000800100        0x0 /usr/local/Cellar/avr-gcc/9.3.0/lib/avr-gcc/9/gcc/avr/9.3.0/../../../../../../avr/lib/avr5/crtatmega328p.o
 .data          0x0000000000800100        0x0 ./MiniOS/vl53l0x/VL53L0X.o
 .data          0x0000000000800100        0x0 ./MiniOS/rc5/rc5.o
 .data          0x0000000000800100        0x0 ./MiniOS/oled/ssd1306.o
 .data          0x0000000000800100        0x0 ./MiniOS/motor/motor.o
 .data          0x0000000000800100        0x0 ./MiniOS/miniOS.o
 .data          0x0000000000800100        0x0 ./Minisumo_EDU1.o
 .data          0x0000000000800100        0x0 ./hal.o
 .data          0x0000000000800100        0x0 /usr/local/Cellar/avr-gcc/9.3.0/lib/avr-gcc/9/gcc/avr/9.3.0/avr5/libgcc.a(_udivmodhi4.o)
 .data          0x0000000000800100        0x0 /usr/local/Cellar/avr-gcc/9.3.0/lib/avr-gcc/9/gcc/avr/9.3.0/avr5/libgcc.a(_udivmodsi4.o)
 .data          0x0000000000800100        0x0 /usr/local/Cellar/avr-gcc/9.3.0/lib/avr-gcc/9/gcc/avr/9.3.0/avr5/libgcc.a(_divmodsi4.o)
 .data          0x0000000000800100        0x0 /usr/local/Cellar/avr-gcc/9.3.0/lib/avr-gcc/9/gcc/avr/9.3.0/avr5/libgcc.a(_negsi2.o)
 .data          0x0000000000800100        0x0 /usr/local/Cellar/avr-gcc/9.3.0/lib/avr-gcc/9/gcc/avr/9.3.0/avr5/libgcc.a(_exit.o)
 .data          0x0000000000800100        0x0 /usr/local/Cellar/avr-gcc/9.3.0/lib/avr-gcc/9/gcc/avr/9.3.0/avr5/libgcc.a(_copy_data.o)
 .data          0x0000000000800100        0x0 /usr/local/Cellar/avr-gcc/9.3.0/lib/avr-gcc/9/gcc/avr/9.3.0/avr5/libgcc.a(_clear_bss.o)
 .data          0x0000000000800100        0x0 /usr/local/Cellar/avr-gcc/9.3.0/lib/avr-gcc/9/gcc/avr/9.3.0/avr5/libgcc.a(_umulhisi3.o)
 .data          0x0000000000800100        0x0 /usr/local/Cellar/avr-gcc/9.3.0/lib/avr-gcc/9/gcc/avr/9.3.0/avr5/libgcc.a(_muluhisi3.o)
 .data          0x0000000000800100        0x0 /usr/local/Cellar/avr-gcc/9.3.0/lib/avr-gcc/9/gcc/avr/9.3.0/avr5/libgcc.a(_mulshisi3.o)
 .data          0x0000000000800100        0x6 /usr/local/Cellar/avr-gcc/9.3.0/lib/avr-gcc/9/gcc/avr/9.3.0/../../../../../../avr/lib/avr5/libc.a(malloc.o)
                0x0000000000800100                __malloc_heap_end
                0x0000000000800102                __malloc_heap_start
                0x0000000000800104                __malloc_margin
 .data          0x0000000000800106        0x0 /usr/local/Cellar/avr-gcc/9.3.0/lib/avr-gcc/9/gcc/avr/9.3.0/../../../../../../avr/lib/avr5/libc.a(sprintf.o)
 .data          0x0000000000800106        0x0 /usr/local/Cellar/avr-gcc/9.3.0/lib/avr-gcc/9/gcc/avr/9.3.0/../../../../../../avr/lib/avr5/libc.a(vfprintf_std.o)
 .data          0x0000000000800106        0x0 /usr/local/Cellar/avr-gcc/9.3.0/lib/avr-gcc/9/gcc/avr/9.3.0/../../../../../../avr/lib/avr5/libc.a(strnlen_P.o)
 .data          0x0000000000800106        0x0 /usr/local/Cellar/avr-gcc/9.3.0/lib/avr-gcc/9/gcc/avr/9.3.0/../../../../../../avr/lib/avr5/libc.a(strnlen.o)
 .data          0x0000000000800106        0x0 /usr/local/Cellar/avr-gcc/9.3.0/lib/avr-gcc/9/gcc/avr/9.3.0/../../../../../../avr/lib/avr5/libc.a(fputc.o)
 .data          0x0000000000800106        0x0 /usr/local/Cellar/avr-gcc/9.3.0/lib/avr-gcc/9/gcc/avr/9.3.0/../../../../../../avr/lib/avr5/libc.a(ultoa_invert.o)
 .data          0x0000000000800106        0x0 /usr/local/Cellar/avr-gcc/9.3.0/lib/avr-gcc/9/gcc/avr/9.3.0/avr5/libgcc.a(_prologue.o)
 .data          0x0000000000800106        0x0 /usr/local/Cellar/avr-gcc/9.3.0/lib/avr-gcc/9/gcc/avr/9.3.0/avr5/libgcc.a(_epilogue.o)
 *(.data*)
 .data._oledsclpin
                0x0000000000800106        0x1 ./MiniOS/oled/ssd1306.o
                0x0000000000800106                _oledsclpin
 .data._oledsdapin
                0x0000000000800107        0x1 ./MiniOS/oled/ssd1306.o
                0x0000000000800107                _oledsdapin
 .data._analogtresholdvalue
                0x0000000000800108        0x2 ./MiniOS/miniOS.o
                0x0000000000800108                _analogtresholdvalue
 .data.analog_reference
                0x000000000080010a        0x1 ./hal.o
                0x000000000080010a                analog_reference
 *(.gnu.linkonce.d*)
 *(.rodata)
 *(.rodata*)
 .rodata.postmask.2691
                0x000000000080010b        0x8 ./MiniOS/oled/ssd1306.o
 .rodata.premask.2680
                0x0000000000800113        0x8 ./MiniOS/oled/ssd1306.o
 .rodata.my_init.str1.1
                0x000000000080011b        0x9 ./Minisumo_EDU1.o
 .rodata.update_display_main.str1.1
                0x0000000000800124        0x7 ./Minisumo_EDU1.o
                                          0x8 (size before relaxing)
 .rodata.CSWTCH.35
                0x000000000080012b        0x9 ./hal.o
 *(.gnu.linkonce.r*)
                0x0000000000800134                . = ALIGN (0x2)
                0x0000000000800134                _edata = .
                0x0000000000800134                PROVIDE (__data_end = .)

.bss            0x0000000000800134      0x241
                0x0000000000800134                PROVIDE (__bss_start = .)
 *(.bss)
 .bss           0x0000000000800134        0x0 /usr/local/Cellar/avr-gcc/9.3.0/lib/avr-gcc/9/gcc/avr/9.3.0/../../../../../../avr/lib/avr5/crtatmega328p.o
 .bss           0x0000000000800134        0x0 ./MiniOS/vl53l0x/VL53L0X.o
 .bss           0x0000000000800134        0x0 ./MiniOS/rc5/rc5.o
 .bss           0x0000000000800134        0x0 ./MiniOS/oled/ssd1306.o
 .bss           0x0000000000800134        0x0 ./MiniOS/motor/motor.o
 .bss           0x0000000000800134        0x0 ./MiniOS/miniOS.o
 .bss           0x0000000000800134        0x0 ./Minisumo_EDU1.o
 .bss           0x0000000000800134        0x0 ./hal.o
 .bss           0x0000000000800134        0x0 /usr/local/Cellar/avr-gcc/9.3.0/lib/avr-gcc/9/gcc/avr/9.3.0/avr5/libgcc.a(_udivmodhi4.o)
 .bss           0x0000000000800134        0x0 /usr/local/Cellar/avr-gcc/9.3.0/lib/avr-gcc/9/gcc/avr/9.3.0/avr5/libgcc.a(_udivmodsi4.o)
 .bss           0x0000000000800134        0x0 /usr/local/Cellar/avr-gcc/9.3.0/lib/avr-gcc/9/gcc/avr/9.3.0/avr5/libgcc.a(_divmodsi4.o)
 .bss           0x0000000000800134        0x0 /usr/local/Cellar/avr-gcc/9.3.0/lib/avr-gcc/9/gcc/avr/9.3.0/avr5/libgcc.a(_negsi2.o)
 .bss           0x0000000000800134        0x0 /usr/local/Cellar/avr-gcc/9.3.0/lib/avr-gcc/9/gcc/avr/9.3.0/avr5/libgcc.a(_exit.o)
 .bss           0x0000000000800134        0x0 /usr/local/Cellar/avr-gcc/9.3.0/lib/avr-gcc/9/gcc/avr/9.3.0/avr5/libgcc.a(_copy_data.o)
 .bss           0x0000000000800134        0x0 /usr/local/Cellar/avr-gcc/9.3.0/lib/avr-gcc/9/gcc/avr/9.3.0/avr5/libgcc.a(_clear_bss.o)
 .bss           0x0000000000800134        0x0 /usr/local/Cellar/avr-gcc/9.3.0/lib/avr-gcc/9/gcc/avr/9.3.0/avr5/libgcc.a(_umulhisi3.o)
 .bss           0x0000000000800134        0x0 /usr/local/Cellar/avr-gcc/9.3.0/lib/avr-gcc/9/gcc/avr/9.3.0/avr5/libgcc.a(_muluhisi3.o)
 .bss           0x0000000000800134        0x0 /usr/local/Cellar/avr-gcc/9.3.0/lib/avr-gcc/9/gcc/avr/9.3.0/avr5/libgcc.a(_mulshisi3.o)
 .bss           0x0000000000800134        0x0 /usr/local/Cellar/avr-gcc/9.3.0/lib/avr-gcc/9/gcc/avr/9.3.0/../../../../../../avr/lib/avr5/libc.a(malloc.o)
 .bss           0x0000000000800134        0x0 /usr/local/Cellar/avr-gcc/9.3.0/lib/avr-gcc/9/gcc/avr/9.3.0/../../../../../../avr/lib/avr5/libc.a(sprintf.o)
 .bss           0x0000000000800134        0x0 /usr/local/Cellar/avr-gcc/9.3.0/lib/avr-gcc/9/gcc/avr/9.3.0/../../../../../../avr/lib/avr5/libc.a(vfprintf_std.o)
 .bss           0x0000000000800134        0x0 /usr/local/Cellar/avr-gcc/9.3.0/lib/avr-gcc/9/gcc/avr/9.3.0/../../../../../../avr/lib/avr5/libc.a(strnlen_P.o)
 .bss           0x0000000000800134        0x0 /usr/local/Cellar/avr-gcc/9.3.0/lib/avr-gcc/9/gcc/avr/9.3.0/../../../../../../avr/lib/avr5/libc.a(strnlen.o)
 .bss           0x0000000000800134        0x0 /usr/local/Cellar/avr-gcc/9.3.0/lib/avr-gcc/9/gcc/avr/9.3.0/../../../../../../avr/lib/avr5/libc.a(fputc.o)
 .bss           0x0000000000800134        0x0 /usr/local/Cellar/avr-gcc/9.3.0/lib/avr-gcc/9/gcc/avr/9.3.0/../../../../../../avr/lib/avr5/libc.a(ultoa_invert.o)
 .bss           0x0000000000800134        0x0 /usr/local/Cellar/avr-gcc/9.3.0/lib/avr-gcc/9/gcc/avr/9.3.0/avr5/libgcc.a(_prologue.o)
 .bss           0x0000000000800134        0x0 /usr/local/Cellar/avr-gcc/9.3.0/lib/avr-gcc/9/gcc/avr/9.3.0/avr5/libgcc.a(_epilogue.o)
 *(.bss*)
 .bss.buffer    0x0000000000800134      0x200 ./MiniOS/oled/ssd1306.o
 .bss.textbgcolor
                0x0000000000800334        0x2 ./MiniOS/oled/ssd1306.o
 .bss.textcolor
                0x0000000000800336        0x2 ./MiniOS/oled/ssd1306.o
 .bss.rotation  0x0000000000800338        0x1 ./MiniOS/oled/ssd1306.o
 .bss.textsize  0x0000000000800339        0x1 ./MiniOS/oled/ssd1306.o
 .bss.cursor_y  0x000000000080033a        0x2 ./MiniOS/oled/ssd1306.o
 .bss.cursor_x  0x000000000080033c        0x2 ./MiniOS/oled/ssd1306.o
 .bss.HEIGHT    0x000000000080033e        0x2 ./MiniOS/oled/ssd1306.o
 .bss.WIDTH     0x0000000000800340        0x2 ./MiniOS/oled/ssd1306.o
 .bss._height   0x0000000000800342        0x2 ./MiniOS/oled/ssd1306.o
 .bss._width    0x0000000000800344        0x2 ./MiniOS/oled/ssd1306.o
 .bss._rangesensorinstances
                0x0000000000800346        0x2 ./MiniOS/miniOS.o
 .bss._config.2849
                0x0000000000800348        0x2 ./Minisumo_EDU1.o
 .bss.motorcfg  0x000000000080034a        0x6 ./Minisumo_EDU1.o
 .bss.__addr    0x0000000000800350        0x1 ./hal.o
                0x0000000000800350                __addr
 .bss.__sda     0x0000000000800351        0x1 ./hal.o
                0x0000000000800351                __sda
 .bss.__scl     0x0000000000800352        0x1 ./hal.o
                0x0000000000800352                __scl
 .bss.timer0_fract
                0x0000000000800353        0x1 ./hal.o
 .bss.timer0_millis
                0x0000000000800354        0x4 ./hal.o
                0x0000000000800354                timer0_millis
 .bss.timer0_overflow_count
                0x0000000000800358        0x4 ./hal.o
                0x0000000000800358                timer0_overflow_count
 .bss.INT1_ev_callback
                0x000000000080035c        0x2 ./hal.o
                0x000000000080035c                INT1_ev_callback
 .bss.INT0_ev_callback
                0x000000000080035e        0x2 ./hal.o
                0x000000000080035e                INT0_ev_callback
 *(COMMON)
 COMMON         0x0000000000800360        0x2 ./MiniOS/vl53l0x/VL53L0X.o
                0x0000000000800360                vl53l0xsensor
 COMMON         0x0000000000800362        0x2 ./MiniOS/rc5/rc5.o
                0x0000000000800362                _rc5struct
 COMMON         0x0000000000800364        0x2 ./MiniOS/oled/ssd1306.o
                0x0000000000800364                _cp437
                0x0000000000800365                wrap
 COMMON         0x0000000000800366        0x2 ./MiniOS/motor/motor.o
                0x0000000000800366                motorcfglcl
 COMMON         0x0000000000800368        0x3 ./MiniOS/miniOS.o
                0x0000000000800368                __rangesensornum
                0x0000000000800369                _maxrangeofsensor
 COMMON         0x000000000080036b        0x6 ./Minisumo_EDU1.o
                0x000000000080036b                sensors
 COMMON         0x0000000000800371        0x4 /usr/local/Cellar/avr-gcc/9.3.0/lib/avr-gcc/9/gcc/avr/9.3.0/../../../../../../avr/lib/avr5/libc.a(malloc.o)
                0x0000000000800371                __brkval
                0x0000000000800373                __flp
                0x0000000000800375                PROVIDE (__bss_end = .)
                0x0000000000004e96                __data_load_start = LOADADDR (.data)
                0x0000000000004eca                __data_load_end = (__data_load_start + SIZEOF (.data))

.noinit         0x0000000000800375        0x0
                [!provide]                        PROVIDE (__noinit_start = .)
 *(.noinit*)
                [!provide]                        PROVIDE (__noinit_end = .)
                0x0000000000800375                _end = .
                0x0000000000800375                PROVIDE (__heap_start = .)

.eeprom         0x0000000000810000        0x0
 *(.eeprom*)
                0x0000000000810000                __eeprom_end = .

.fuse
 *(.fuse)
 *(.lfuse)
 *(.hfuse)
 *(.efuse)

.lock
 *(.lock*)

.signature
 *(.signature*)

.stab
 *(.stab)

.stabstr
 *(.stabstr)

.stab.excl
 *(.stab.excl)

.stab.exclstr
 *(.stab.exclstr)

.stab.index
 *(.stab.index)

.stab.indexstr
 *(.stab.indexstr)

.comment        0x0000000000000000       0x24
 *(.comment)
 .comment       0x0000000000000000       0x24 ./MiniOS/vl53l0x/VL53L0X.o
                                         0x25 (size before relaxing)
 .comment       0x0000000000000024       0x25 ./MiniOS/rc5/rc5.o
 .comment       0x0000000000000024       0x25 ./MiniOS/oled/ssd1306.o
 .comment       0x0000000000000024       0x25 ./MiniOS/motor/motor.o
 .comment       0x0000000000000024       0x25 ./MiniOS/miniOS.o
 .comment       0x0000000000000024       0x25 ./Minisumo_EDU1.o
 .comment       0x0000000000000024       0x25 ./hal.o
 .comment       0x0000000000000024       0x25 /usr/local/Cellar/avr-gcc/9.3.0/lib/avr-gcc/9/gcc/avr/9.3.0/../../../../../../avr/lib/avr5/libc.a(malloc.o)
 .comment       0x0000000000000024       0x25 /usr/local/Cellar/avr-gcc/9.3.0/lib/avr-gcc/9/gcc/avr/9.3.0/../../../../../../avr/lib/avr5/libc.a(sprintf.o)
 .comment       0x0000000000000024       0x25 /usr/local/Cellar/avr-gcc/9.3.0/lib/avr-gcc/9/gcc/avr/9.3.0/../../../../../../avr/lib/avr5/libc.a(vfprintf_std.o)
 .comment       0x0000000000000024       0x25 /usr/local/Cellar/avr-gcc/9.3.0/lib/avr-gcc/9/gcc/avr/9.3.0/../../../../../../avr/lib/avr5/libc.a(fputc.o)

.note.gnu.avr.deviceinfo
                0x0000000000000000       0x40
 .note.gnu.avr.deviceinfo
                0x0000000000000000       0x40 /usr/local/Cellar/avr-gcc/9.3.0/lib/avr-gcc/9/gcc/avr/9.3.0/../../../../../../avr/lib/avr5/crtatmega328p.o

.note.gnu.build-id
 *(.note.gnu.build-id)

.debug
 *(.debug)

.line
 *(.line)

.debug_srcinfo
 *(.debug_srcinfo)

.debug_sfnames
 *(.debug_sfnames)

.debug_aranges  0x0000000000000000      0x180
 *(.debug_aranges)
 .debug_aranges
                0x0000000000000000       0x20 /usr/local/Cellar/avr-gcc/9.3.0/lib/avr-gcc/9/gcc/avr/9.3.0/avr5/libgcc.a(_udivmodhi4.o)
 .debug_aranges
                0x0000000000000020       0x20 /usr/local/Cellar/avr-gcc/9.3.0/lib/avr-gcc/9/gcc/avr/9.3.0/avr5/libgcc.a(_udivmodsi4.o)
 .debug_aranges
                0x0000000000000040       0x20 /usr/local/Cellar/avr-gcc/9.3.0/lib/avr-gcc/9/gcc/avr/9.3.0/avr5/libgcc.a(_divmodsi4.o)
 .debug_aranges
                0x0000000000000060       0x20 /usr/local/Cellar/avr-gcc/9.3.0/lib/avr-gcc/9/gcc/avr/9.3.0/avr5/libgcc.a(_negsi2.o)
 .debug_aranges
                0x0000000000000080       0x20 /usr/local/Cellar/avr-gcc/9.3.0/lib/avr-gcc/9/gcc/avr/9.3.0/avr5/libgcc.a(_exit.o)
 .debug_aranges
                0x00000000000000a0       0x20 /usr/local/Cellar/avr-gcc/9.3.0/lib/avr-gcc/9/gcc/avr/9.3.0/avr5/libgcc.a(_copy_data.o)
 .debug_aranges
                0x00000000000000c0       0x20 /usr/local/Cellar/avr-gcc/9.3.0/lib/avr-gcc/9/gcc/avr/9.3.0/avr5/libgcc.a(_clear_bss.o)
 .debug_aranges
                0x00000000000000e0       0x20 /usr/local/Cellar/avr-gcc/9.3.0/lib/avr-gcc/9/gcc/avr/9.3.0/avr5/libgcc.a(_umulhisi3.o)
 .debug_aranges
                0x0000000000000100       0x20 /usr/local/Cellar/avr-gcc/9.3.0/lib/avr-gcc/9/gcc/avr/9.3.0/avr5/libgcc.a(_muluhisi3.o)
 .debug_aranges
                0x0000000000000120       0x20 /usr/local/Cellar/avr-gcc/9.3.0/lib/avr-gcc/9/gcc/avr/9.3.0/avr5/libgcc.a(_mulshisi3.o)
 .debug_aranges
                0x0000000000000140       0x20 /usr/local/Cellar/avr-gcc/9.3.0/lib/avr-gcc/9/gcc/avr/9.3.0/avr5/libgcc.a(_prologue.o)
 .debug_aranges
                0x0000000000000160       0x20 /usr/local/Cellar/avr-gcc/9.3.0/lib/avr-gcc/9/gcc/avr/9.3.0/avr5/libgcc.a(_epilogue.o)

.debug_pubnames
 *(.debug_pubnames)

.debug_info     0x0000000000000000      0x7bc
 *(.debug_info .gnu.linkonce.wi.*)
 .debug_info    0x0000000000000000      0x5f4 /usr/local/Cellar/avr-gcc/9.3.0/lib/avr-gcc/9/gcc/avr/9.3.0/../../../../../../avr/lib/avr5/crtatmega328p.o
 .debug_info    0x00000000000005f4       0x26 /usr/local/Cellar/avr-gcc/9.3.0/lib/avr-gcc/9/gcc/avr/9.3.0/avr5/libgcc.a(_udivmodhi4.o)
 .debug_info    0x000000000000061a       0x26 /usr/local/Cellar/avr-gcc/9.3.0/lib/avr-gcc/9/gcc/avr/9.3.0/avr5/libgcc.a(_udivmodsi4.o)
 .debug_info    0x0000000000000640       0x26 /usr/local/Cellar/avr-gcc/9.3.0/lib/avr-gcc/9/gcc/avr/9.3.0/avr5/libgcc.a(_divmodsi4.o)
 .debug_info    0x0000000000000666       0x26 /usr/local/Cellar/avr-gcc/9.3.0/lib/avr-gcc/9/gcc/avr/9.3.0/avr5/libgcc.a(_negsi2.o)
 .debug_info    0x000000000000068c       0x26 /usr/local/Cellar/avr-gcc/9.3.0/lib/avr-gcc/9/gcc/avr/9.3.0/avr5/libgcc.a(_exit.o)
 .debug_info    0x00000000000006b2       0x26 /usr/local/Cellar/avr-gcc/9.3.0/lib/avr-gcc/9/gcc/avr/9.3.0/avr5/libgcc.a(_copy_data.o)
 .debug_info    0x00000000000006d8       0x26 /usr/local/Cellar/avr-gcc/9.3.0/lib/avr-gcc/9/gcc/avr/9.3.0/avr5/libgcc.a(_clear_bss.o)
 .debug_info    0x00000000000006fe       0x26 /usr/local/Cellar/avr-gcc/9.3.0/lib/avr-gcc/9/gcc/avr/9.3.0/avr5/libgcc.a(_umulhisi3.o)
 .debug_info    0x0000000000000724       0x26 /usr/local/Cellar/avr-gcc/9.3.0/lib/avr-gcc/9/gcc/avr/9.3.0/avr5/libgcc.a(_muluhisi3.o)
 .debug_info    0x000000000000074a       0x26 /usr/local/Cellar/avr-gcc/9.3.0/lib/avr-gcc/9/gcc/avr/9.3.0/avr5/libgcc.a(_mulshisi3.o)
 .debug_info    0x0000000000000770       0x26 /usr/local/Cellar/avr-gcc/9.3.0/lib/avr-gcc/9/gcc/avr/9.3.0/avr5/libgcc.a(_prologue.o)
 .debug_info    0x0000000000000796       0x26 /usr/local/Cellar/avr-gcc/9.3.0/lib/avr-gcc/9/gcc/avr/9.3.0/avr5/libgcc.a(_epilogue.o)

.debug_abbrev   0x0000000000000000      0x692
 *(.debug_abbrev)
 .debug_abbrev  0x0000000000000000      0x5a2 /usr/local/Cellar/avr-gcc/9.3.0/lib/avr-gcc/9/gcc/avr/9.3.0/../../../../../../avr/lib/avr5/crtatmega328p.o
 .debug_abbrev  0x00000000000005a2       0x14 /usr/local/Cellar/avr-gcc/9.3.0/lib/avr-gcc/9/gcc/avr/9.3.0/avr5/libgcc.a(_udivmodhi4.o)
 .debug_abbrev  0x00000000000005b6       0x14 /usr/local/Cellar/avr-gcc/9.3.0/lib/avr-gcc/9/gcc/avr/9.3.0/avr5/libgcc.a(_udivmodsi4.o)
 .debug_abbrev  0x00000000000005ca       0x14 /usr/local/Cellar/avr-gcc/9.3.0/lib/avr-gcc/9/gcc/avr/9.3.0/avr5/libgcc.a(_divmodsi4.o)
 .debug_abbrev  0x00000000000005de       0x14 /usr/local/Cellar/avr-gcc/9.3.0/lib/avr-gcc/9/gcc/avr/9.3.0/avr5/libgcc.a(_negsi2.o)
 .debug_abbrev  0x00000000000005f2       0x14 /usr/local/Cellar/avr-gcc/9.3.0/lib/avr-gcc/9/gcc/avr/9.3.0/avr5/libgcc.a(_exit.o)
 .debug_abbrev  0x0000000000000606       0x14 /usr/local/Cellar/avr-gcc/9.3.0/lib/avr-gcc/9/gcc/avr/9.3.0/avr5/libgcc.a(_copy_data.o)
 .debug_abbrev  0x000000000000061a       0x14 /usr/local/Cellar/avr-gcc/9.3.0/lib/avr-gcc/9/gcc/avr/9.3.0/avr5/libgcc.a(_clear_bss.o)
 .debug_abbrev  0x000000000000062e       0x14 /usr/local/Cellar/avr-gcc/9.3.0/lib/avr-gcc/9/gcc/avr/9.3.0/avr5/libgcc.a(_umulhisi3.o)
 .debug_abbrev  0x0000000000000642       0x14 /usr/local/Cellar/avr-gcc/9.3.0/lib/avr-gcc/9/gcc/avr/9.3.0/avr5/libgcc.a(_muluhisi3.o)
 .debug_abbrev  0x0000000000000656       0x14 /usr/local/Cellar/avr-gcc/9.3.0/lib/avr-gcc/9/gcc/avr/9.3.0/avr5/libgcc.a(_mulshisi3.o)
 .debug_abbrev  0x000000000000066a       0x14 /usr/local/Cellar/avr-gcc/9.3.0/lib/avr-gcc/9/gcc/avr/9.3.0/avr5/libgcc.a(_prologue.o)
 .debug_abbrev  0x000000000000067e       0x14 /usr/local/Cellar/avr-gcc/9.3.0/lib/avr-gcc/9/gcc/avr/9.3.0/avr5/libgcc.a(_epilogue.o)

.debug_line     0x0000000000000000      0x863
 *(.debug_line .debug_line.* .debug_line_end)
 .debug_line    0x0000000000000000       0x1d /usr/local/Cellar/avr-gcc/9.3.0/lib/avr-gcc/9/gcc/avr/9.3.0/../../../../../../avr/lib/avr5/crtatmega328p.o
 .debug_line    0x000000000000001d       0xcd /usr/local/Cellar/avr-gcc/9.3.0/lib/avr-gcc/9/gcc/avr/9.3.0/avr5/libgcc.a(_udivmodhi4.o)
 .debug_line    0x00000000000000ea      0x121 /usr/local/Cellar/avr-gcc/9.3.0/lib/avr-gcc/9/gcc/avr/9.3.0/avr5/libgcc.a(_udivmodsi4.o)
 .debug_line    0x000000000000020b       0xcd /usr/local/Cellar/avr-gcc/9.3.0/lib/avr-gcc/9/gcc/avr/9.3.0/avr5/libgcc.a(_divmodsi4.o)
 .debug_line    0x00000000000002d8       0x61 /usr/local/Cellar/avr-gcc/9.3.0/lib/avr-gcc/9/gcc/avr/9.3.0/avr5/libgcc.a(_negsi2.o)
 .debug_line    0x0000000000000339       0x61 /usr/local/Cellar/avr-gcc/9.3.0/lib/avr-gcc/9/gcc/avr/9.3.0/avr5/libgcc.a(_exit.o)
 .debug_line    0x000000000000039a       0x97 /usr/local/Cellar/avr-gcc/9.3.0/lib/avr-gcc/9/gcc/avr/9.3.0/avr5/libgcc.a(_copy_data.o)
 .debug_line    0x0000000000000431       0x85 /usr/local/Cellar/avr-gcc/9.3.0/lib/avr-gcc/9/gcc/avr/9.3.0/avr5/libgcc.a(_clear_bss.o)
 .debug_line    0x00000000000004b6       0xaf /usr/local/Cellar/avr-gcc/9.3.0/lib/avr-gcc/9/gcc/avr/9.3.0/avr5/libgcc.a(_umulhisi3.o)
 .debug_line    0x0000000000000565       0x91 /usr/local/Cellar/avr-gcc/9.3.0/lib/avr-gcc/9/gcc/avr/9.3.0/avr5/libgcc.a(_muluhisi3.o)
 .debug_line    0x00000000000005f6       0x79 /usr/local/Cellar/avr-gcc/9.3.0/lib/avr-gcc/9/gcc/avr/9.3.0/avr5/libgcc.a(_mulshisi3.o)
 .debug_line    0x000000000000066f       0xfd /usr/local/Cellar/avr-gcc/9.3.0/lib/avr-gcc/9/gcc/avr/9.3.0/avr5/libgcc.a(_prologue.o)
 .debug_line    0x000000000000076c       0xf7 /usr/local/Cellar/avr-gcc/9.3.0/lib/avr-gcc/9/gcc/avr/9.3.0/avr5/libgcc.a(_epilogue.o)

.debug_frame
 *(.debug_frame)

.debug_str      0x0000000000000000      0x28a
 *(.debug_str)
 .debug_str     0x0000000000000000      0x208 /usr/local/Cellar/avr-gcc/9.3.0/lib/avr-gcc/9/gcc/avr/9.3.0/../../../../../../avr/lib/avr5/crtatmega328p.o
 .debug_str     0x0000000000000208       0x82 /usr/local/Cellar/avr-gcc/9.3.0/lib/avr-gcc/9/gcc/avr/9.3.0/avr5/libgcc.a(_udivmodhi4.o)
 .debug_str     0x000000000000028a       0x82 /usr/local/Cellar/avr-gcc/9.3.0/lib/avr-gcc/9/gcc/avr/9.3.0/avr5/libgcc.a(_udivmodsi4.o)
 .debug_str     0x000000000000028a       0x82 /usr/local/Cellar/avr-gcc/9.3.0/lib/avr-gcc/9/gcc/avr/9.3.0/avr5/libgcc.a(_divmodsi4.o)
 .debug_str     0x000000000000028a       0x82 /usr/local/Cellar/avr-gcc/9.3.0/lib/avr-gcc/9/gcc/avr/9.3.0/avr5/libgcc.a(_negsi2.o)
 .debug_str     0x000000000000028a       0x82 /usr/local/Cellar/avr-gcc/9.3.0/lib/avr-gcc/9/gcc/avr/9.3.0/avr5/libgcc.a(_exit.o)
 .debug_str     0x000000000000028a       0x82 /usr/local/Cellar/avr-gcc/9.3.0/lib/avr-gcc/9/gcc/avr/9.3.0/avr5/libgcc.a(_copy_data.o)
 .debug_str     0x000000000000028a       0x82 /usr/local/Cellar/avr-gcc/9.3.0/lib/avr-gcc/9/gcc/avr/9.3.0/avr5/libgcc.a(_clear_bss.o)
 .debug_str     0x000000000000028a       0x82 /usr/local/Cellar/avr-gcc/9.3.0/lib/avr-gcc/9/gcc/avr/9.3.0/avr5/libgcc.a(_umulhisi3.o)
 .debug_str     0x000000000000028a       0x82 /usr/local/Cellar/avr-gcc/9.3.0/lib/avr-gcc/9/gcc/avr/9.3.0/avr5/libgcc.a(_muluhisi3.o)
 .debug_str     0x000000000000028a       0x82 /usr/local/Cellar/avr-gcc/9.3.0/lib/avr-gcc/9/gcc/avr/9.3.0/avr5/libgcc.a(_mulshisi3.o)
 .debug_str     0x000000000000028a       0x82 /usr/local/Cellar/avr-gcc/9.3.0/lib/avr-gcc/9/gcc/avr/9.3.0/avr5/libgcc.a(_prologue.o)
 .debug_str     0x000000000000028a       0x82 /usr/local/Cellar/avr-gcc/9.3.0/lib/avr-gcc/9/gcc/avr/9.3.0/avr5/libgcc.a(_epilogue.o)

.debug_loc
 *(.debug_loc)

.debug_macinfo
 *(.debug_macinfo)

.debug_weaknames
 *(.debug_weaknames)

.debug_funcnames
 *(.debug_funcnames)

.debug_typenames
 *(.debug_typenames)

.debug_varnames
 *(.debug_varnames)

.debug_pubtypes
 *(.debug_pubtypes)

.debug_ranges
 *(.debug_ranges)

.debug_macro
 *(.debug_macro)

.debug_addr
 *(.debug_addr)
OUTPUT(Minisumo_EDU1.elf elf32-avr)
LOAD linker stubs
