Archive member included to satisfy reference by file (symbol)

/usr/local/Cellar/avr-gcc/9.3.0/lib/avr-gcc/9/gcc/avr/9.3.0/avr5/libgcc.a(_udivmodsi4.o)
                              ./MiniOS/vl53l0x/VL53L0X.o (__udivmodsi4)
/usr/local/Cellar/avr-gcc/9.3.0/lib/avr-gcc/9/gcc/avr/9.3.0/avr5/libgcc.a(_divmodsi4.o)
                              ./MiniOS/oled/ssd1306.o (__divmodsi4)
/usr/local/Cellar/avr-gcc/9.3.0/lib/avr-gcc/9/gcc/avr/9.3.0/avr5/libgcc.a(_negsi2.o)
                              /usr/local/Cellar/avr-gcc/9.3.0/lib/avr-gcc/9/gcc/avr/9.3.0/avr5/libgcc.a(_divmodsi4.o) (__negsi2)
/usr/local/Cellar/avr-gcc/9.3.0/lib/avr-gcc/9/gcc/avr/9.3.0/avr5/libgcc.a(_exit.o)
                              /usr/local/Cellar/avr-gcc/9.3.0/lib/avr-gcc/9/gcc/avr/9.3.0/../../../../../../avr/lib/avr5/crtatmega328p.o (exit)
/usr/local/Cellar/avr-gcc/9.3.0/lib/avr-gcc/9/gcc/avr/9.3.0/avr5/libgcc.a(_copy_data.o)
                              ./MiniOS/oled/ssd1306.o (__do_copy_data)
/usr/local/Cellar/avr-gcc/9.3.0/lib/avr-gcc/9/gcc/avr/9.3.0/avr5/libgcc.a(_clear_bss.o)
                              ./MiniOS/vl53l0x/VL53L0X.o (__do_clear_bss)
/usr/local/Cellar/avr-gcc/9.3.0/lib/avr-gcc/9/gcc/avr/9.3.0/avr5/libgcc.a(_umulhisi3.o)
                              ./MiniOS/miniOS.o (__umulhisi3)
/usr/local/Cellar/avr-gcc/9.3.0/lib/avr-gcc/9/gcc/avr/9.3.0/avr5/libgcc.a(_muluhisi3.o)
                              ./MiniOS/vl53l0x/VL53L0X.o (__muluhisi3)
/usr/local/Cellar/avr-gcc/9.3.0/lib/avr-gcc/9/gcc/avr/9.3.0/../../../../../../avr/lib/avr5/libc.a(sprintf.o)
                              ./Minisumo_EDU1.o (sprintf)
/usr/local/Cellar/avr-gcc/9.3.0/lib/avr-gcc/9/gcc/avr/9.3.0/../../../../../../avr/lib/avr5/libc.a(vfprintf_std.o)
                              /usr/local/Cellar/avr-gcc/9.3.0/lib/avr-gcc/9/gcc/avr/9.3.0/../../../../../../avr/lib/avr5/libc.a(sprintf.o) (vfprintf)
/usr/local/Cellar/avr-gcc/9.3.0/lib/avr-gcc/9/gcc/avr/9.3.0/../../../../../../avr/lib/avr5/libc.a(strnlen_P.o)
                              /usr/local/Cellar/avr-gcc/9.3.0/lib/avr-gcc/9/gcc/avr/9.3.0/../../../../../../avr/lib/avr5/libc.a(vfprintf_std.o) (strnlen_P)
/usr/local/Cellar/avr-gcc/9.3.0/lib/avr-gcc/9/gcc/avr/9.3.0/../../../../../../avr/lib/avr5/libc.a(strnlen.o)
                              /usr/local/Cellar/avr-gcc/9.3.0/lib/avr-gcc/9/gcc/avr/9.3.0/../../../../../../avr/lib/avr5/libc.a(vfprintf_std.o) (strnlen)
/usr/local/Cellar/avr-gcc/9.3.0/lib/avr-gcc/9/gcc/avr/9.3.0/../../../../../../avr/lib/avr5/libc.a(fputc.o)
                              /usr/local/Cellar/avr-gcc/9.3.0/lib/avr-gcc/9/gcc/avr/9.3.0/../../../../../../avr/lib/avr5/libc.a(vfprintf_std.o) (fputc)
/usr/local/Cellar/avr-gcc/9.3.0/lib/avr-gcc/9/gcc/avr/9.3.0/../../../../../../avr/lib/avr5/libc.a(ultoa_invert.o)
                              /usr/local/Cellar/avr-gcc/9.3.0/lib/avr-gcc/9/gcc/avr/9.3.0/../../../../../../avr/lib/avr5/libc.a(vfprintf_std.o) (__ultoa_invert)
/usr/local/Cellar/avr-gcc/9.3.0/lib/avr-gcc/9/gcc/avr/9.3.0/avr5/libgcc.a(_prologue.o)
                              /usr/local/Cellar/avr-gcc/9.3.0/lib/avr-gcc/9/gcc/avr/9.3.0/../../../../../../avr/lib/avr5/libc.a(sprintf.o) (__prologue_saves__)
/usr/local/Cellar/avr-gcc/9.3.0/lib/avr-gcc/9/gcc/avr/9.3.0/avr5/libgcc.a(_epilogue.o)
                              /usr/local/Cellar/avr-gcc/9.3.0/lib/avr-gcc/9/gcc/avr/9.3.0/../../../../../../avr/lib/avr5/libc.a(sprintf.o) (__epilogue_restores__)

Allocating common symbols
Common symbol       size              file

vl53l0xsensor       0x2               ./MiniOS/vl53l0x/VL53L0X.o
motorcfglcl         0x2               ./MiniOS/motor/motor.o
_cp437              0x1               ./MiniOS/oled/ssd1306.o
wrap                0x1               ./MiniOS/oled/ssd1306.o

Memory Configuration

Name             Origin             Length             Attributes
text             0x0000000000000000 0x0000000000020000 xr
data             0x0000000000800060 0x000000000000ffa0 rw !x
eeprom           0x0000000000810000 0x0000000000010000 rw !x
fuse             0x0000000000820000 0x0000000000000400 rw !x
lock             0x0000000000830000 0x0000000000000400 rw !x
signature        0x0000000000840000 0x0000000000000400 rw !x
user_signatures  0x0000000000850000 0x0000000000000400 rw !x
*default*        0x0000000000000000 0xffffffffffffffff

Linker script and memory map

Address of section .data set to 0x800100
LOAD /usr/local/Cellar/avr-gcc/9.3.0/lib/avr-gcc/9/gcc/avr/9.3.0/../../../../../../avr/lib/avr5/crtatmega328p.o
LOAD ./MiniOS/vl53l0x/VL53L0X.o
LOAD ./MiniOS/rc5/rc5.o
LOAD ./MiniOS/oled/ssd1306.o
LOAD ./MiniOS/motor/motor.o
LOAD ./MiniOS/miniOS.o
LOAD ./Minisumo_EDU1.o
LOAD ./hal.o
START GROUP
LOAD /usr/local/Cellar/avr-gcc/9.3.0/lib/avr-gcc/9/gcc/avr/9.3.0/avr5/libgcc.a
LOAD /usr/local/Cellar/avr-gcc/9.3.0/lib/avr-gcc/9/gcc/avr/9.3.0/../../../../../../avr/lib/avr5/libm.a
LOAD /usr/local/Cellar/avr-gcc/9.3.0/lib/avr-gcc/9/gcc/avr/9.3.0/../../../../../../avr/lib/avr5/libc.a
LOAD /usr/local/Cellar/avr-gcc/9.3.0/lib/avr-gcc/9/gcc/avr/9.3.0/../../../../../../avr/lib/avr5/libatmega328p.a
END GROUP
                0x0000000000020000                __TEXT_REGION_LENGTH__ = DEFINED (__TEXT_REGION_LENGTH__)?__TEXT_REGION_LENGTH__:0x20000
                0x000000000000ffa0                __DATA_REGION_LENGTH__ = DEFINED (__DATA_REGION_LENGTH__)?__DATA_REGION_LENGTH__:0xffa0
                0x0000000000010000                __EEPROM_REGION_LENGTH__ = DEFINED (__EEPROM_REGION_LENGTH__)?__EEPROM_REGION_LENGTH__:0x10000
                0x0000000000000400                __FUSE_REGION_LENGTH__ = DEFINED (__FUSE_REGION_LENGTH__)?__FUSE_REGION_LENGTH__:0x400
                0x0000000000000400                __LOCK_REGION_LENGTH__ = DEFINED (__LOCK_REGION_LENGTH__)?__LOCK_REGION_LENGTH__:0x400
                0x0000000000000400                __SIGNATURE_REGION_LENGTH__ = DEFINED (__SIGNATURE_REGION_LENGTH__)?__SIGNATURE_REGION_LENGTH__:0x400
                0x0000000000000400                __USER_SIGNATURE_REGION_LENGTH__ = DEFINED (__USER_SIGNATURE_REGION_LENGTH__)?__USER_SIGNATURE_REGION_LENGTH__:0x400

.hash
 *(.hash)

.dynsym
 *(.dynsym)

.dynstr
 *(.dynstr)

.gnu.version
 *(.gnu.version)

.gnu.version_d
 *(.gnu.version_d)

.gnu.version_r
 *(.gnu.version_r)

.rel.init
 *(.rel.init)

.rela.init
 *(.rela.init)

.rel.text
 *(.rel.text)
 *(.rel.text.*)
 *(.rel.gnu.linkonce.t*)

.rela.text
 *(.rela.text)
 *(.rela.text.*)
 *(.rela.gnu.linkonce.t*)

.rel.fini
 *(.rel.fini)

.rela.fini
 *(.rela.fini)

.rel.rodata
 *(.rel.rodata)
 *(.rel.rodata.*)
 *(.rel.gnu.linkonce.r*)

.rela.rodata
 *(.rela.rodata)
 *(.rela.rodata.*)
 *(.rela.gnu.linkonce.r*)

.rel.data
 *(.rel.data)
 *(.rel.data.*)
 *(.rel.gnu.linkonce.d*)

.rela.data
 *(.rela.data)
 *(.rela.data.*)
 *(.rela.gnu.linkonce.d*)

.rel.ctors
 *(.rel.ctors)

.rela.ctors
 *(.rela.ctors)

.rel.dtors
 *(.rel.dtors)

.rela.dtors
 *(.rela.dtors)

.rel.got
 *(.rel.got)

.rela.got
 *(.rela.got)

.rel.bss
 *(.rel.bss)

.rela.bss
 *(.rela.bss)

.rel.plt
 *(.rel.plt)

.rela.plt
 *(.rela.plt)

.text           0x0000000000000000     0x484e
 *(.vectors)
 .vectors       0x0000000000000000       0x68 /usr/local/Cellar/avr-gcc/9.3.0/lib/avr-gcc/9/gcc/avr/9.3.0/../../../../../../avr/lib/avr5/crtatmega328p.o
                0x0000000000000000                __vectors
                0x0000000000000000                __vector_default
 *(.vectors)
 *(.progmem.gcc*)
                0x0000000000000068                . = ALIGN (0x2)
                0x0000000000000068                __trampolines_start = .
 *(.trampolines)
 .trampolines   0x0000000000000068        0x0 linker stubs
 *(.trampolines*)
                0x0000000000000068                __trampolines_end = .
 *libprintf_flt.a:*(.progmem.data)
 *libc.a:*(.progmem.data)
 *(.progmem.*)
 .progmem.data.my_font
                0x0000000000000068      0x4fb ./MiniOS/oled/ssd1306.o
                0x0000000000000564                . = ALIGN (0x2)
 *fill*         0x0000000000000563        0x1 
 *(.lowtext)
 *(.lowtext*)
                0x0000000000000564                __ctors_start = .
 *(.ctors)
                0x0000000000000564                __ctors_end = .
                0x0000000000000564                __dtors_start = .
 *(.dtors)
                0x0000000000000564                __dtors_end = .
 SORT_BY_NAME(*)(.ctors)
 SORT_BY_NAME(*)(.dtors)
 *(.init0)
 .init0         0x0000000000000564        0x0 /usr/local/Cellar/avr-gcc/9.3.0/lib/avr-gcc/9/gcc/avr/9.3.0/../../../../../../avr/lib/avr5/crtatmega328p.o
                0x0000000000000564                __init
 *(.init0)
 *(.init1)
 *(.init1)
 *(.init2)
 .init2         0x0000000000000564        0xc /usr/local/Cellar/avr-gcc/9.3.0/lib/avr-gcc/9/gcc/avr/9.3.0/../../../../../../avr/lib/avr5/crtatmega328p.o
 *(.init2)
 *(.init3)
 *(.init3)
 *(.init4)
 .init4         0x0000000000000570       0x16 /usr/local/Cellar/avr-gcc/9.3.0/lib/avr-gcc/9/gcc/avr/9.3.0/avr5/libgcc.a(_copy_data.o)
                0x0000000000000570                __do_copy_data
 .init4         0x0000000000000586       0x10 /usr/local/Cellar/avr-gcc/9.3.0/lib/avr-gcc/9/gcc/avr/9.3.0/avr5/libgcc.a(_clear_bss.o)
                0x0000000000000586                __do_clear_bss
 *(.init4)
 *(.init5)
 *(.init5)
 *(.init6)
 *(.init6)
 *(.init7)
 *(.init7)
 *(.init8)
 *(.init8)
 *(.init9)
 .init9         0x0000000000000596        0x8 /usr/local/Cellar/avr-gcc/9.3.0/lib/avr-gcc/9/gcc/avr/9.3.0/../../../../../../avr/lib/avr5/crtatmega328p.o
 *(.init9)
 *(.text)
 .text          0x000000000000059e        0x4 /usr/local/Cellar/avr-gcc/9.3.0/lib/avr-gcc/9/gcc/avr/9.3.0/../../../../../../avr/lib/avr5/crtatmega328p.o
                0x000000000000059e                __vector_20
                0x000000000000059e                __vector_1
                0x000000000000059e                __vector_24
                0x000000000000059e                __vector_12
                0x000000000000059e                __bad_interrupt
                0x000000000000059e                __vector_6
                0x000000000000059e                __vector_3
                0x000000000000059e                __vector_23
                0x000000000000059e                __vector_25
                0x000000000000059e                __vector_11
                0x000000000000059e                __vector_13
                0x000000000000059e                __vector_17
                0x000000000000059e                __vector_19
                0x000000000000059e                __vector_7
                0x000000000000059e                __vector_5
                0x000000000000059e                __vector_4
                0x000000000000059e                __vector_9
                0x000000000000059e                __vector_2
                0x000000000000059e                __vector_21
                0x000000000000059e                __vector_15
                0x000000000000059e                __vector_8
                0x000000000000059e                __vector_14
                0x000000000000059e                __vector_10
                0x000000000000059e                __vector_18
                0x000000000000059e                __vector_22
 .text          0x00000000000005a2        0x0 ./MiniOS/vl53l0x/VL53L0X.o
 .text          0x00000000000005a2        0x0 ./MiniOS/rc5/rc5.o
 .text          0x00000000000005a2        0x0 ./MiniOS/oled/ssd1306.o
 .text          0x00000000000005a2        0x0 ./MiniOS/motor/motor.o
 .text          0x00000000000005a2        0x0 ./MiniOS/miniOS.o
 .text          0x00000000000005a2        0x0 ./Minisumo_EDU1.o
 .text          0x00000000000005a2        0x0 ./hal.o
 .text          0x00000000000005a2        0x0 /usr/local/Cellar/avr-gcc/9.3.0/lib/avr-gcc/9/gcc/avr/9.3.0/avr5/libgcc.a(_udivmodsi4.o)
 .text          0x00000000000005a2        0x0 /usr/local/Cellar/avr-gcc/9.3.0/lib/avr-gcc/9/gcc/avr/9.3.0/avr5/libgcc.a(_divmodsi4.o)
 .text          0x00000000000005a2        0x0 /usr/local/Cellar/avr-gcc/9.3.0/lib/avr-gcc/9/gcc/avr/9.3.0/avr5/libgcc.a(_negsi2.o)
 .text          0x00000000000005a2        0x0 /usr/local/Cellar/avr-gcc/9.3.0/lib/avr-gcc/9/gcc/avr/9.3.0/avr5/libgcc.a(_exit.o)
 .text          0x00000000000005a2        0x0 /usr/local/Cellar/avr-gcc/9.3.0/lib/avr-gcc/9/gcc/avr/9.3.0/avr5/libgcc.a(_copy_data.o)
 .text          0x00000000000005a2        0x0 /usr/local/Cellar/avr-gcc/9.3.0/lib/avr-gcc/9/gcc/avr/9.3.0/avr5/libgcc.a(_clear_bss.o)
 .text          0x00000000000005a2        0x0 /usr/local/Cellar/avr-gcc/9.3.0/lib/avr-gcc/9/gcc/avr/9.3.0/avr5/libgcc.a(_umulhisi3.o)
 .text          0x00000000000005a2        0x0 /usr/local/Cellar/avr-gcc/9.3.0/lib/avr-gcc/9/gcc/avr/9.3.0/avr5/libgcc.a(_muluhisi3.o)
 .text          0x00000000000005a2        0x0 /usr/local/Cellar/avr-gcc/9.3.0/lib/avr-gcc/9/gcc/avr/9.3.0/../../../../../../avr/lib/avr5/libc.a(sprintf.o)
 .text          0x00000000000005a2        0x0 /usr/local/Cellar/avr-gcc/9.3.0/lib/avr-gcc/9/gcc/avr/9.3.0/../../../../../../avr/lib/avr5/libc.a(vfprintf_std.o)
 .text          0x00000000000005a2        0x0 /usr/local/Cellar/avr-gcc/9.3.0/lib/avr-gcc/9/gcc/avr/9.3.0/../../../../../../avr/lib/avr5/libc.a(strnlen_P.o)
 .text          0x00000000000005a2        0x0 /usr/local/Cellar/avr-gcc/9.3.0/lib/avr-gcc/9/gcc/avr/9.3.0/../../../../../../avr/lib/avr5/libc.a(strnlen.o)
 .text          0x00000000000005a2        0x0 /usr/local/Cellar/avr-gcc/9.3.0/lib/avr-gcc/9/gcc/avr/9.3.0/../../../../../../avr/lib/avr5/libc.a(fputc.o)
 .text          0x00000000000005a2        0x0 /usr/local/Cellar/avr-gcc/9.3.0/lib/avr-gcc/9/gcc/avr/9.3.0/../../../../../../avr/lib/avr5/libc.a(ultoa_invert.o)
 .text          0x00000000000005a2        0x0 /usr/local/Cellar/avr-gcc/9.3.0/lib/avr-gcc/9/gcc/avr/9.3.0/avr5/libgcc.a(_prologue.o)
 .text          0x00000000000005a2        0x0 /usr/local/Cellar/avr-gcc/9.3.0/lib/avr-gcc/9/gcc/avr/9.3.0/avr5/libgcc.a(_epilogue.o)
                0x00000000000005a2                . = ALIGN (0x2)
 *(.text.*)
 .text.writeReg
                0x00000000000005a2       0x2e ./MiniOS/vl53l0x/VL53L0X.o
                0x00000000000005a2                writeReg
 .text.writeReg16Bit
                0x00000000000005d0       0x38 ./MiniOS/vl53l0x/VL53L0X.o
                0x00000000000005d0                writeReg16Bit
 .text.writeReg32Bit
                0x0000000000000608       0x50 ./MiniOS/vl53l0x/VL53L0X.o
                0x0000000000000608                writeReg32Bit
 .text.readReg  0x0000000000000658       0x42 ./MiniOS/vl53l0x/VL53L0X.o
                0x0000000000000658                readReg
 .text.readReg16Bit
                0x000000000000069a       0x54 ./MiniOS/vl53l0x/VL53L0X.o
                0x000000000000069a                readReg16Bit
 .text.readReg32Bit
                0x00000000000006ee       0xa0 ./MiniOS/vl53l0x/VL53L0X.o
                0x00000000000006ee                readReg32Bit
 .text.writeMulti
                0x000000000000078e       0x4c ./MiniOS/vl53l0x/VL53L0X.o
                0x000000000000078e                writeMulti
 .text.readMulti
                0x00000000000007da       0x6a ./MiniOS/vl53l0x/VL53L0X.o
                0x00000000000007da                readMulti
 .text.setAddress
                0x0000000000000844       0x1c ./MiniOS/vl53l0x/VL53L0X.o
                0x0000000000000844                setAddress
 .text.getAddress
                0x0000000000000860        0xc ./MiniOS/vl53l0x/VL53L0X.o
                0x0000000000000860                getAddress
 .text.getSpadInfo
                0x000000000000086c      0x14e ./MiniOS/vl53l0x/VL53L0X.o
                0x000000000000086c                getSpadInfo
 .text.timeoutMclksToMicroseconds
                0x00000000000009ba       0xba ./MiniOS/vl53l0x/VL53L0X.o
                0x00000000000009ba                timeoutMclksToMicroseconds
 .text.timeoutMicrosecondsToMclks
                0x0000000000000a74       0xba ./MiniOS/vl53l0x/VL53L0X.o
                0x0000000000000a74                timeoutMicrosecondsToMclks
 .text.performSingleRefCalibration
                0x0000000000000b2e       0x9a ./MiniOS/vl53l0x/VL53L0X.o
                0x0000000000000b2e                performSingleRefCalibration
 .text.decodeTimeout
                0x0000000000000bc8       0x12 ./MiniOS/vl53l0x/VL53L0X.o
                0x0000000000000bc8                decodeTimeout
 .text.encodeTimeout
                0x0000000000000bda       0x3c ./MiniOS/vl53l0x/VL53L0X.o
                0x0000000000000bda                encodeTimeout
 .text.getSequenceStepEnables
                0x0000000000000c16       0x3a ./MiniOS/vl53l0x/VL53L0X.o
                0x0000000000000c16                getSequenceStepEnables
 .text.setSignalRateLimit
                0x0000000000000c50       0x5c ./MiniOS/vl53l0x/VL53L0X.o
                0x0000000000000c50                setSignalRateLimit
 .text.getVcselPulsePeriod
                0x0000000000000cac       0x1c ./MiniOS/vl53l0x/VL53L0X.o
                0x0000000000000cac                getVcselPulsePeriod
 .text.getSequenceStepTimeouts
                0x0000000000000cc8       0xa2 ./MiniOS/vl53l0x/VL53L0X.o
                0x0000000000000cc8                getSequenceStepTimeouts
 .text.setMeasurementTimingBudget
                0x0000000000000d6a      0x156 ./MiniOS/vl53l0x/VL53L0X.o
                0x0000000000000d6a                setMeasurementTimingBudget
 .text.getMeasurementTimingBudget
                0x0000000000000ec0       0xf2 ./MiniOS/vl53l0x/VL53L0X.o
                0x0000000000000ec0                getMeasurementTimingBudget
 .text.initVL53L0X
                0x0000000000000fb2      0x494 ./MiniOS/vl53l0x/VL53L0X.o
                0x0000000000000fb2                initVL53L0X
 .text.setVcselPulsePeriod
                0x0000000000001446      0x21e ./MiniOS/vl53l0x/VL53L0X.o
                0x0000000000001446                setVcselPulsePeriod
 .text.startContinuous
                0x0000000000001664       0x8a ./MiniOS/vl53l0x/VL53L0X.o
                0x0000000000001664                startContinuous
 .text.stopContinuous
                0x00000000000016ee       0x30 ./MiniOS/vl53l0x/VL53L0X.o
                0x00000000000016ee                stopContinuous
 .text.readRangeContinuousMillimeters
                0x000000000000171e      0x104 ./MiniOS/vl53l0x/VL53L0X.o
                0x000000000000171e                readRangeContinuousMillimeters
 .text.checkRangeContinousSensor
                0x0000000000001822       0x84 ./MiniOS/vl53l0x/VL53L0X.o
                0x0000000000001822                checkRangeContinousSensor
 .text.readRangeContinousSensor
                0x00000000000018a6       0x30 ./MiniOS/vl53l0x/VL53L0X.o
                0x00000000000018a6                readRangeContinousSensor
 .text.readRangeSingleMillimeters
                0x00000000000018d6       0xe2 ./MiniOS/vl53l0x/VL53L0X.o
                0x00000000000018d6                readRangeSingleMillimeters
 .text.timeoutOccurred
                0x00000000000019b8        0xe ./MiniOS/vl53l0x/VL53L0X.o
                0x00000000000019b8                timeoutOccurred
 .text.setTimeout
                0x00000000000019c6        0xe ./MiniOS/vl53l0x/VL53L0X.o
                0x00000000000019c6                setTimeout
 .text.getTimeout
                0x00000000000019d4        0xe ./MiniOS/vl53l0x/VL53L0X.o
                0x00000000000019d4                getTimeout
 .text.setvl53l0xinstance
                0x00000000000019e2        0xa ./MiniOS/vl53l0x/VL53L0X.o
                0x00000000000019e2                setvl53l0xinstance
 .text.ssd1306_width
                0x00000000000019ec        0xa ./MiniOS/oled/ssd1306.o
                0x00000000000019ec                ssd1306_width
 .text.ssd1306_height
                0x00000000000019f6        0xa ./MiniOS/oled/ssd1306.o
                0x00000000000019f6                ssd1306_height
 .text.set_rotation
                0x0000000000001a00       0x40 ./MiniOS/oled/ssd1306.o
                0x0000000000001a00                set_rotation
 .text.ssd1306_init_i2c
                0x0000000000001a40       0x10 ./MiniOS/oled/ssd1306.o
                0x0000000000001a40                ssd1306_init_i2c
 .text.ssd1306_command
                0x0000000000001a50       0x26 ./MiniOS/oled/ssd1306.o
                0x0000000000001a50                ssd1306_command
 .text.ssd1306_begin
                0x0000000000001a76      0x110 ./MiniOS/oled/ssd1306.o
                0x0000000000001a76                ssd1306_begin
 .text.ssd1306_draw_pixel
                0x0000000000001b86      0x154 ./MiniOS/oled/ssd1306.o
                0x0000000000001b86                ssd1306_draw_pixel
 .text.ssd1306_invert_display
                0x0000000000001cda        0xe ./MiniOS/oled/ssd1306.o
                0x0000000000001cda                ssd1306_invert_display
 .text.ssd1306_start_scroll_right
                0x0000000000001ce8       0x3c ./MiniOS/oled/ssd1306.o
                0x0000000000001ce8                ssd1306_start_scroll_right
 .text.ssd1306_start_scroll_left
                0x0000000000001d24       0x3c ./MiniOS/oled/ssd1306.o
                0x0000000000001d24                ssd1306_start_scroll_left
 .text.ssd1306_start_scroll_diag_right
                0x0000000000001d60       0x48 ./MiniOS/oled/ssd1306.o
                0x0000000000001d60                ssd1306_start_scroll_diag_right
 .text.ssd1306_start_scroll_diag_left
                0x0000000000001da8       0x48 ./MiniOS/oled/ssd1306.o
                0x0000000000001da8                ssd1306_start_scroll_diag_left
 .text.ssd1306_stop_scroll
                0x0000000000001df0        0x6 ./MiniOS/oled/ssd1306.o
                0x0000000000001df0                ssd1306_stop_scroll
 .text.ssd1306_dim
                0x0000000000001df6       0x22 ./MiniOS/oled/ssd1306.o
                0x0000000000001df6                ssd1306_dim
 .text.ssd1306_data
                0x0000000000001e18       0x26 ./MiniOS/oled/ssd1306.o
                0x0000000000001e18                ssd1306_data
 .text.ssd1306_display
                0x0000000000001e3e       0x62 ./MiniOS/oled/ssd1306.o
                0x0000000000001e3e                ssd1306_display
 .text.ssd1306_clear_display
                0x0000000000001ea0       0x16 ./MiniOS/oled/ssd1306.o
                0x0000000000001ea0                ssd1306_clear_display
 .text.ssd1306_draw_fast_hline_internal
                0x0000000000001eb6       0xd6 ./MiniOS/oled/ssd1306.o
                0x0000000000001eb6                ssd1306_draw_fast_hline_internal
 .text.ssd1306_draw_fast_vline_internal
                0x0000000000001f8c      0x18c ./MiniOS/oled/ssd1306.o
                0x0000000000001f8c                ssd1306_draw_fast_vline_internal
 .text.ssd1306_draw_fast_hline
                0x0000000000002118       0x6c ./MiniOS/oled/ssd1306.o
                0x0000000000002118                ssd1306_draw_fast_hline
 .text.ssd1306_draw_fast_vline
                0x0000000000002184       0x6a ./MiniOS/oled/ssd1306.o
                0x0000000000002184                ssd1306_draw_fast_vline
 .text.ssd1306_draw_circle
                0x00000000000021ee      0x1ae ./MiniOS/oled/ssd1306.o
                0x00000000000021ee                ssd1306_draw_circle
 .text.ssd1306_draw_circle_helper
                0x000000000000239c      0x14c ./MiniOS/oled/ssd1306.o
                0x000000000000239c                ssd1306_draw_circle_helper
 .text.ssd1306_fill_circle_helper
                0x00000000000024e8      0x154 ./MiniOS/oled/ssd1306.o
                0x00000000000024e8                ssd1306_fill_circle_helper
 .text.ssd1306_fill_circle
                0x000000000000263c       0x54 ./MiniOS/oled/ssd1306.o
                0x000000000000263c                ssd1306_fill_circle
 .text.ssd1306_draw_line
                0x0000000000002690      0x146 ./MiniOS/oled/ssd1306.o
                0x0000000000002690                ssd1306_draw_line
 .text.ssd1306_draw_rect
                0x00000000000027d6       0x68 ./MiniOS/oled/ssd1306.o
                0x00000000000027d6                ssd1306_draw_rect
 .text.ssd1306_fill_rect
                0x000000000000283e       0x54 ./MiniOS/oled/ssd1306.o
                0x000000000000283e                ssd1306_fill_rect
 .text.ssd1306_fill_screen
                0x0000000000002892       0x28 ./MiniOS/oled/ssd1306.o
                0x0000000000002892                ssd1306_fill_screen
 .text.ssd1306_draw_round_rect
                0x00000000000028ba      0x124 ./MiniOS/oled/ssd1306.o
                0x00000000000028ba                ssd1306_draw_round_rect
 .text.ssd1306_fill_round_rect
                0x00000000000029de       0x9e ./MiniOS/oled/ssd1306.o
                0x00000000000029de                ssd1306_fill_round_rect
 .text.ssd1306_draw_triangle
                0x0000000000002a7c       0x70 ./MiniOS/oled/ssd1306.o
                0x0000000000002a7c                ssd1306_draw_triangle
 .text.ssd1306_fill_triangle
                0x0000000000002aec      0x408 ./MiniOS/oled/ssd1306.o
                0x0000000000002aec                ssd1306_fill_triangle
 .text.ssd1306_draw_bitmap
                0x0000000000002ef4      0x10c ./MiniOS/oled/ssd1306.o
                0x0000000000002ef4                ssd1306_draw_bitmap
 .text.ssd1306_draw_bitmap_bg
                0x0000000000003000      0x114 ./MiniOS/oled/ssd1306.o
                0x0000000000003000                ssd1306_draw_bitmap_bg
 .text.ssd1306_draw_xbitmap
                0x0000000000003114      0x102 ./MiniOS/oled/ssd1306.o
                0x0000000000003114                ssd1306_draw_xbitmap
 .text.ssd1306_draw_char
                0x0000000000003216      0x17a ./MiniOS/oled/ssd1306.o
                0x0000000000003216                ssd1306_draw_char
 .text.ssd1306_write
                0x0000000000003390       0xdc ./MiniOS/oled/ssd1306.o
                0x0000000000003390                ssd1306_write
 .text.ssd1306_set_cursor
                0x000000000000346c       0x12 ./MiniOS/oled/ssd1306.o
                0x000000000000346c                ssd1306_set_cursor
 .text.ssd1306_get_cursor_x
                0x000000000000347e        0xa ./MiniOS/oled/ssd1306.o
                0x000000000000347e                ssd1306_get_cursor_x
 .text.ssd1306_get_cursor_y
                0x0000000000003488        0xa ./MiniOS/oled/ssd1306.o
                0x0000000000003488                ssd1306_get_cursor_y
 .text.ssd1306_set_textsize
                0x0000000000003492        0xc ./MiniOS/oled/ssd1306.o
                0x0000000000003492                ssd1306_set_textsize
 .text.ssd1306_set_textcolor
                0x000000000000349e       0x12 ./MiniOS/oled/ssd1306.o
                0x000000000000349e                ssd1306_set_textcolor
 .text.ssd1306_set_textcolor_bg
                0x00000000000034b0       0x12 ./MiniOS/oled/ssd1306.o
                0x00000000000034b0                ssd1306_set_textcolor_bg
 .text.ssd1306_set_textwrap
                0x00000000000034c2        0x6 ./MiniOS/oled/ssd1306.o
                0x00000000000034c2                ssd1306_set_textwrap
 .text.ssd1306_get_rotation
                0x00000000000034c8        0x6 ./MiniOS/oled/ssd1306.o
                0x00000000000034c8                ssd1306_get_rotation
 .text.ssd1306_set_rotation
                0x00000000000034ce        0x4 ./MiniOS/oled/ssd1306.o
                0x00000000000034ce                ssd1306_set_rotation
 .text.ssd1306_cp437
                0x00000000000034d2        0x6 ./MiniOS/oled/ssd1306.o
                0x00000000000034d2                ssd1306_cp437
 .text.ssd1306_putstring
                0x00000000000034d8       0x18 ./MiniOS/oled/ssd1306.o
                0x00000000000034d8                ssd1306_putstring
 .text.ssd1306_puts
                0x00000000000034f0        0xa ./MiniOS/oled/ssd1306.o
                0x00000000000034f0                ssd1306_puts
 .text.Motor    0x00000000000034fa      0x124 ./MiniOS/motor/motor.o
                0x00000000000034fa                Motor
 .text.Motor_Init
                0x000000000000361e       0x6c ./MiniOS/motor/motor.o
                0x000000000000361e                Motor_Init
 .text.oled_init
                0x000000000000368a       0x54 ./MiniOS/miniOS.o
                0x000000000000368a                oled_init
 .text.oled_print
                0x00000000000036de       0x78 ./MiniOS/miniOS.o
                0x00000000000036de                oled_print
 .text.oled_clear
                0x0000000000003756        0x4 ./MiniOS/miniOS.o
                0x0000000000003756                oled_clear
 .text.oled_fill
                0x000000000000375a        0x8 ./MiniOS/miniOS.o
                0x000000000000375a                oled_fill
 .text.preinit_range_sensor
                0x0000000000003762       0x22 ./MiniOS/miniOS.o
                0x0000000000003762                preinit_range_sensor
 .text.init_range_sensor
                0x0000000000003784       0xc0 ./MiniOS/miniOS.o
                0x0000000000003784                init_range_sensor
 .text.get_distance
                0x0000000000003844       0x26 ./MiniOS/miniOS.o
                0x0000000000003844                get_distance
 .text.init_analog_sensor
                0x000000000000386a        0x6 ./MiniOS/miniOS.o
                0x000000000000386a                init_analog_sensor
 .text.get_analog_value
                0x0000000000003870        0x4 ./MiniOS/miniOS.o
                0x0000000000003870                get_analog_value
 .text.led      0x0000000000003874        0xa ./MiniOS/miniOS.o
                0x0000000000003874                led
 .text.init_led
                0x000000000000387e        0x6 ./MiniOS/miniOS.o
                0x000000000000387e                init_led
 .text.miniOS_init
                0x0000000000003884        0x8 ./MiniOS/miniOS.o
                0x0000000000003884                miniOS_init
 .text.init_range_sensors
                0x000000000000388c       0xf6 ./Minisumo_EDU1.o
                0x000000000000388c                init_range_sensors
 .text.check_range_sensors
                0x0000000000003982       0x20 ./Minisumo_EDU1.o
                0x0000000000003982                check_range_sensors
 .text.init_analog_sensors
                0x00000000000039a2        0x6 ./Minisumo_EDU1.o
                0x00000000000039a2                init_analog_sensors
 .text.check_analog_sensors
                0x00000000000039a8       0x32 ./Minisumo_EDU1.o
                0x00000000000039a8                check_analog_sensors
 .text.motorcfg_init
                0x00000000000039da       0x2c ./Minisumo_EDU1.o
                0x00000000000039da                motorcfg_init
 .text.my_init  0x0000000000003a06       0x66 ./Minisumo_EDU1.o
                0x0000000000003a06                my_init
 .text.my_loop  0x0000000000003a6c      0x124 ./Minisumo_EDU1.o
                0x0000000000003a6c                my_loop
 .text.startup.main
                0x0000000000003b90        0xa ./Minisumo_EDU1.o
                0x0000000000003b90                main
 .text.yield    0x0000000000003b9a        0x2 ./hal.o
                0x0000000000003b9a                yield
 .text.gpio_to_timer
                0x0000000000003b9c       0x16 ./hal.o
                0x0000000000003b9c                gpio_to_timer
 .text.gpio_to_info
                0x0000000000003bb2       0x1c ./hal.o
                0x0000000000003bb2                gpio_to_info
 .text.gpio_to_num
                0x0000000000003bce       0x12 ./hal.o
                0x0000000000003bce                gpio_to_num
 .text.gpioSet  0x0000000000003be0       0xdc ./hal.o
                0x0000000000003be0                gpioSet
 .text.gpioGet  0x0000000000003cbc       0x54 ./hal.o
                0x0000000000003cbc                gpioGet
 .text.pwmSet   0x0000000000003d10       0xa8 ./hal.o
                0x0000000000003d10                pwmSet
 .text.analogReference
                0x0000000000003db8        0x6 ./hal.o
                0x0000000000003db8                analogReference
 .text.adcGet   0x0000000000003dbe       0x36 ./hal.o
                0x0000000000003dbe                adcGet
 .text.gpioInit
                0x0000000000003df4      0x160 ./hal.o
                0x0000000000003df4                gpioInit
 .text.__vector_16
                0x0000000000003f54       0x90 ./hal.o
                0x0000000000003f54                __vector_16
 .text.hal_millis
                0x0000000000003fe4       0x40 ./hal.o
                0x0000000000003fe4                hal_millis
 .text.micros   0x0000000000004024       0x66 ./hal.o
                0x0000000000004024                micros
 .text.hal_delay
                0x000000000000408a       0x82 ./hal.o
                0x000000000000408a                hal_delay
 .text.TWIGetStatus
                0x000000000000410c        0x8 ./hal.o
                0x000000000000410c                TWIGetStatus
 .text.i2c_Write
                0x0000000000004114       0x14 ./hal.o
                0x0000000000004114                i2c_Write
 .text.i2c_Read
                0x0000000000004128       0x1e ./hal.o
                0x0000000000004128                i2c_Read
 .text.i2c_Start
                0x0000000000004146       0x14 ./hal.o
                0x0000000000004146                i2c_Start
 .text.i2c_Stop
                0x000000000000415a        0x8 ./hal.o
                0x000000000000415a                i2c_Stop
 .text.init_hal
                0x0000000000004162       0x86 ./hal.o
                0x0000000000004162                init_hal
 .text.libgcc.mul
                0x00000000000041e8        0x0 /usr/local/Cellar/avr-gcc/9.3.0/lib/avr-gcc/9/gcc/avr/9.3.0/avr5/libgcc.a(_udivmodsi4.o)
 .text.libgcc.div
                0x00000000000041e8       0x44 /usr/local/Cellar/avr-gcc/9.3.0/lib/avr-gcc/9/gcc/avr/9.3.0/avr5/libgcc.a(_udivmodsi4.o)
                0x00000000000041e8                __udivmodsi4
 .text.libgcc   0x000000000000422c        0x0 /usr/local/Cellar/avr-gcc/9.3.0/lib/avr-gcc/9/gcc/avr/9.3.0/avr5/libgcc.a(_udivmodsi4.o)
 .text.libgcc.prologue
                0x000000000000422c        0x0 /usr/local/Cellar/avr-gcc/9.3.0/lib/avr-gcc/9/gcc/avr/9.3.0/avr5/libgcc.a(_udivmodsi4.o)
 .text.libgcc.builtins
                0x000000000000422c        0x0 /usr/local/Cellar/avr-gcc/9.3.0/lib/avr-gcc/9/gcc/avr/9.3.0/avr5/libgcc.a(_udivmodsi4.o)
 .text.libgcc.fmul
                0x000000000000422c        0x0 /usr/local/Cellar/avr-gcc/9.3.0/lib/avr-gcc/9/gcc/avr/9.3.0/avr5/libgcc.a(_udivmodsi4.o)
 .text.libgcc.fixed
                0x000000000000422c        0x0 /usr/local/Cellar/avr-gcc/9.3.0/lib/avr-gcc/9/gcc/avr/9.3.0/avr5/libgcc.a(_udivmodsi4.o)
 .text.libgcc.mul
                0x000000000000422c        0x0 /usr/local/Cellar/avr-gcc/9.3.0/lib/avr-gcc/9/gcc/avr/9.3.0/avr5/libgcc.a(_divmodsi4.o)
 .text.libgcc.div
                0x000000000000422c       0x2e /usr/local/Cellar/avr-gcc/9.3.0/lib/avr-gcc/9/gcc/avr/9.3.0/avr5/libgcc.a(_divmodsi4.o)
                0x000000000000422c                __divmodsi4
 .text.libgcc   0x000000000000425a        0x0 /usr/local/Cellar/avr-gcc/9.3.0/lib/avr-gcc/9/gcc/avr/9.3.0/avr5/libgcc.a(_divmodsi4.o)
 .text.libgcc.prologue
                0x000000000000425a        0x0 /usr/local/Cellar/avr-gcc/9.3.0/lib/avr-gcc/9/gcc/avr/9.3.0/avr5/libgcc.a(_divmodsi4.o)
 .text.libgcc.builtins
                0x000000000000425a        0x0 /usr/local/Cellar/avr-gcc/9.3.0/lib/avr-gcc/9/gcc/avr/9.3.0/avr5/libgcc.a(_divmodsi4.o)
 .text.libgcc.fmul
                0x000000000000425a        0x0 /usr/local/Cellar/avr-gcc/9.3.0/lib/avr-gcc/9/gcc/avr/9.3.0/avr5/libgcc.a(_divmodsi4.o)
 .text.libgcc.fixed
                0x000000000000425a        0x0 /usr/local/Cellar/avr-gcc/9.3.0/lib/avr-gcc/9/gcc/avr/9.3.0/avr5/libgcc.a(_divmodsi4.o)
 .text.libgcc.mul
                0x000000000000425a        0x0 /usr/local/Cellar/avr-gcc/9.3.0/lib/avr-gcc/9/gcc/avr/9.3.0/avr5/libgcc.a(_negsi2.o)
 .text.libgcc.div
                0x000000000000425a       0x10 /usr/local/Cellar/avr-gcc/9.3.0/lib/avr-gcc/9/gcc/avr/9.3.0/avr5/libgcc.a(_negsi2.o)
                0x000000000000425a                __negsi2
 .text.libgcc   0x000000000000426a        0x0 /usr/local/Cellar/avr-gcc/9.3.0/lib/avr-gcc/9/gcc/avr/9.3.0/avr5/libgcc.a(_negsi2.o)
 .text.libgcc.prologue
                0x000000000000426a        0x0 /usr/local/Cellar/avr-gcc/9.3.0/lib/avr-gcc/9/gcc/avr/9.3.0/avr5/libgcc.a(_negsi2.o)
 .text.libgcc.builtins
                0x000000000000426a        0x0 /usr/local/Cellar/avr-gcc/9.3.0/lib/avr-gcc/9/gcc/avr/9.3.0/avr5/libgcc.a(_negsi2.o)
 .text.libgcc.fmul
                0x000000000000426a        0x0 /usr/local/Cellar/avr-gcc/9.3.0/lib/avr-gcc/9/gcc/avr/9.3.0/avr5/libgcc.a(_negsi2.o)
 .text.libgcc.fixed
                0x000000000000426a        0x0 /usr/local/Cellar/avr-gcc/9.3.0/lib/avr-gcc/9/gcc/avr/9.3.0/avr5/libgcc.a(_negsi2.o)
 .text.libgcc.mul
                0x000000000000426a        0x0 /usr/local/Cellar/avr-gcc/9.3.0/lib/avr-gcc/9/gcc/avr/9.3.0/avr5/libgcc.a(_exit.o)
 .text.libgcc.div
                0x000000000000426a        0x0 /usr/local/Cellar/avr-gcc/9.3.0/lib/avr-gcc/9/gcc/avr/9.3.0/avr5/libgcc.a(_exit.o)
 .text.libgcc   0x000000000000426a        0x0 /usr/local/Cellar/avr-gcc/9.3.0/lib/avr-gcc/9/gcc/avr/9.3.0/avr5/libgcc.a(_exit.o)
 .text.libgcc.prologue
                0x000000000000426a        0x0 /usr/local/Cellar/avr-gcc/9.3.0/lib/avr-gcc/9/gcc/avr/9.3.0/avr5/libgcc.a(_exit.o)
 .text.libgcc.builtins
                0x000000000000426a        0x0 /usr/local/Cellar/avr-gcc/9.3.0/lib/avr-gcc/9/gcc/avr/9.3.0/avr5/libgcc.a(_exit.o)
 .text.libgcc.fmul
                0x000000000000426a        0x0 /usr/local/Cellar/avr-gcc/9.3.0/lib/avr-gcc/9/gcc/avr/9.3.0/avr5/libgcc.a(_exit.o)
 .text.libgcc.fixed
                0x000000000000426a        0x0 /usr/local/Cellar/avr-gcc/9.3.0/lib/avr-gcc/9/gcc/avr/9.3.0/avr5/libgcc.a(_exit.o)
 .text.libgcc.mul
                0x000000000000426a        0x0 /usr/local/Cellar/avr-gcc/9.3.0/lib/avr-gcc/9/gcc/avr/9.3.0/avr5/libgcc.a(_copy_data.o)
 .text.libgcc.div
                0x000000000000426a        0x0 /usr/local/Cellar/avr-gcc/9.3.0/lib/avr-gcc/9/gcc/avr/9.3.0/avr5/libgcc.a(_copy_data.o)
 .text.libgcc   0x000000000000426a        0x0 /usr/local/Cellar/avr-gcc/9.3.0/lib/avr-gcc/9/gcc/avr/9.3.0/avr5/libgcc.a(_copy_data.o)
 .text.libgcc.prologue
                0x000000000000426a        0x0 /usr/local/Cellar/avr-gcc/9.3.0/lib/avr-gcc/9/gcc/avr/9.3.0/avr5/libgcc.a(_copy_data.o)
 .text.libgcc.builtins
                0x000000000000426a        0x0 /usr/local/Cellar/avr-gcc/9.3.0/lib/avr-gcc/9/gcc/avr/9.3.0/avr5/libgcc.a(_copy_data.o)
 .text.libgcc.fmul
                0x000000000000426a        0x0 /usr/local/Cellar/avr-gcc/9.3.0/lib/avr-gcc/9/gcc/avr/9.3.0/avr5/libgcc.a(_copy_data.o)
 .text.libgcc.fixed
                0x000000000000426a        0x0 /usr/local/Cellar/avr-gcc/9.3.0/lib/avr-gcc/9/gcc/avr/9.3.0/avr5/libgcc.a(_copy_data.o)
 .text.libgcc.mul
                0x000000000000426a        0x0 /usr/local/Cellar/avr-gcc/9.3.0/lib/avr-gcc/9/gcc/avr/9.3.0/avr5/libgcc.a(_clear_bss.o)
 .text.libgcc.div
                0x000000000000426a        0x0 /usr/local/Cellar/avr-gcc/9.3.0/lib/avr-gcc/9/gcc/avr/9.3.0/avr5/libgcc.a(_clear_bss.o)
 .text.libgcc   0x000000000000426a        0x0 /usr/local/Cellar/avr-gcc/9.3.0/lib/avr-gcc/9/gcc/avr/9.3.0/avr5/libgcc.a(_clear_bss.o)
 .text.libgcc.prologue
                0x000000000000426a        0x0 /usr/local/Cellar/avr-gcc/9.3.0/lib/avr-gcc/9/gcc/avr/9.3.0/avr5/libgcc.a(_clear_bss.o)
 .text.libgcc.builtins
                0x000000000000426a        0x0 /usr/local/Cellar/avr-gcc/9.3.0/lib/avr-gcc/9/gcc/avr/9.3.0/avr5/libgcc.a(_clear_bss.o)
 .text.libgcc.fmul
                0x000000000000426a        0x0 /usr/local/Cellar/avr-gcc/9.3.0/lib/avr-gcc/9/gcc/avr/9.3.0/avr5/libgcc.a(_clear_bss.o)
 .text.libgcc.fixed
                0x000000000000426a        0x0 /usr/local/Cellar/avr-gcc/9.3.0/lib/avr-gcc/9/gcc/avr/9.3.0/avr5/libgcc.a(_clear_bss.o)
 .text.libgcc.mul
                0x000000000000426a       0x1e /usr/local/Cellar/avr-gcc/9.3.0/lib/avr-gcc/9/gcc/avr/9.3.0/avr5/libgcc.a(_umulhisi3.o)
                0x000000000000426a                __umulhisi3
 .text.libgcc.div
                0x0000000000004288        0x0 /usr/local/Cellar/avr-gcc/9.3.0/lib/avr-gcc/9/gcc/avr/9.3.0/avr5/libgcc.a(_umulhisi3.o)
 .text.libgcc   0x0000000000004288        0x0 /usr/local/Cellar/avr-gcc/9.3.0/lib/avr-gcc/9/gcc/avr/9.3.0/avr5/libgcc.a(_umulhisi3.o)
 .text.libgcc.prologue
                0x0000000000004288        0x0 /usr/local/Cellar/avr-gcc/9.3.0/lib/avr-gcc/9/gcc/avr/9.3.0/avr5/libgcc.a(_umulhisi3.o)
 .text.libgcc.builtins
                0x0000000000004288        0x0 /usr/local/Cellar/avr-gcc/9.3.0/lib/avr-gcc/9/gcc/avr/9.3.0/avr5/libgcc.a(_umulhisi3.o)
 .text.libgcc.fmul
                0x0000000000004288        0x0 /usr/local/Cellar/avr-gcc/9.3.0/lib/avr-gcc/9/gcc/avr/9.3.0/avr5/libgcc.a(_umulhisi3.o)
 .text.libgcc.fixed
                0x0000000000004288        0x0 /usr/local/Cellar/avr-gcc/9.3.0/lib/avr-gcc/9/gcc/avr/9.3.0/avr5/libgcc.a(_umulhisi3.o)
 .text.libgcc.mul
                0x0000000000004288       0x16 /usr/local/Cellar/avr-gcc/9.3.0/lib/avr-gcc/9/gcc/avr/9.3.0/avr5/libgcc.a(_muluhisi3.o)
                0x0000000000004288                __muluhisi3
 .text.libgcc.div
                0x000000000000429e        0x0 /usr/local/Cellar/avr-gcc/9.3.0/lib/avr-gcc/9/gcc/avr/9.3.0/avr5/libgcc.a(_muluhisi3.o)
 .text.libgcc   0x000000000000429e        0x0 /usr/local/Cellar/avr-gcc/9.3.0/lib/avr-gcc/9/gcc/avr/9.3.0/avr5/libgcc.a(_muluhisi3.o)
 .text.libgcc.prologue
                0x000000000000429e        0x0 /usr/local/Cellar/avr-gcc/9.3.0/lib/avr-gcc/9/gcc/avr/9.3.0/avr5/libgcc.a(_muluhisi3.o)
 .text.libgcc.builtins
                0x000000000000429e        0x0 /usr/local/Cellar/avr-gcc/9.3.0/lib/avr-gcc/9/gcc/avr/9.3.0/avr5/libgcc.a(_muluhisi3.o)
 .text.libgcc.fmul
                0x000000000000429e        0x0 /usr/local/Cellar/avr-gcc/9.3.0/lib/avr-gcc/9/gcc/avr/9.3.0/avr5/libgcc.a(_muluhisi3.o)
 .text.libgcc.fixed
                0x000000000000429e        0x0 /usr/local/Cellar/avr-gcc/9.3.0/lib/avr-gcc/9/gcc/avr/9.3.0/avr5/libgcc.a(_muluhisi3.o)
 .text.avr-libc
                0x000000000000429e       0x46 /usr/local/Cellar/avr-gcc/9.3.0/lib/avr-gcc/9/gcc/avr/9.3.0/../../../../../../avr/lib/avr5/libc.a(sprintf.o)
                0x000000000000429e                sprintf
 .text.avr-libc
                0x00000000000042e4      0x3b0 /usr/local/Cellar/avr-gcc/9.3.0/lib/avr-gcc/9/gcc/avr/9.3.0/../../../../../../avr/lib/avr5/libc.a(vfprintf_std.o)
                0x00000000000042e4                vfprintf
 .text.avr-libc
                0x0000000000004694       0x16 /usr/local/Cellar/avr-gcc/9.3.0/lib/avr-gcc/9/gcc/avr/9.3.0/../../../../../../avr/lib/avr5/libc.a(strnlen_P.o)
                0x0000000000004694                strnlen_P
 .text.avr-libc
                0x00000000000046aa       0x16 /usr/local/Cellar/avr-gcc/9.3.0/lib/avr-gcc/9/gcc/avr/9.3.0/../../../../../../avr/lib/avr5/libc.a(strnlen.o)
                0x00000000000046aa                strnlen
 .text.avr-libc
                0x00000000000046c0       0x60 /usr/local/Cellar/avr-gcc/9.3.0/lib/avr-gcc/9/gcc/avr/9.3.0/../../../../../../avr/lib/avr5/libc.a(fputc.o)
                0x00000000000046c0                fputc
 .text.avr-libc
                0x0000000000004720       0xbc /usr/local/Cellar/avr-gcc/9.3.0/lib/avr-gcc/9/gcc/avr/9.3.0/../../../../../../avr/lib/avr5/libc.a(ultoa_invert.o)
                0x0000000000004720                __ultoa_invert
 .text.libgcc.mul
                0x00000000000047dc        0x0 /usr/local/Cellar/avr-gcc/9.3.0/lib/avr-gcc/9/gcc/avr/9.3.0/avr5/libgcc.a(_prologue.o)
 .text.libgcc.div
                0x00000000000047dc        0x0 /usr/local/Cellar/avr-gcc/9.3.0/lib/avr-gcc/9/gcc/avr/9.3.0/avr5/libgcc.a(_prologue.o)
 .text.libgcc   0x00000000000047dc        0x0 /usr/local/Cellar/avr-gcc/9.3.0/lib/avr-gcc/9/gcc/avr/9.3.0/avr5/libgcc.a(_prologue.o)
 .text.libgcc.prologue
                0x00000000000047dc       0x38 /usr/local/Cellar/avr-gcc/9.3.0/lib/avr-gcc/9/gcc/avr/9.3.0/avr5/libgcc.a(_prologue.o)
                0x00000000000047dc                __prologue_saves__
 .text.libgcc.builtins
                0x0000000000004814        0x0 /usr/local/Cellar/avr-gcc/9.3.0/lib/avr-gcc/9/gcc/avr/9.3.0/avr5/libgcc.a(_prologue.o)
 .text.libgcc.fmul
                0x0000000000004814        0x0 /usr/local/Cellar/avr-gcc/9.3.0/lib/avr-gcc/9/gcc/avr/9.3.0/avr5/libgcc.a(_prologue.o)
 .text.libgcc.fixed
                0x0000000000004814        0x0 /usr/local/Cellar/avr-gcc/9.3.0/lib/avr-gcc/9/gcc/avr/9.3.0/avr5/libgcc.a(_prologue.o)
 .text.libgcc.mul
                0x0000000000004814        0x0 /usr/local/Cellar/avr-gcc/9.3.0/lib/avr-gcc/9/gcc/avr/9.3.0/avr5/libgcc.a(_epilogue.o)
 .text.libgcc.div
                0x0000000000004814        0x0 /usr/local/Cellar/avr-gcc/9.3.0/lib/avr-gcc/9/gcc/avr/9.3.0/avr5/libgcc.a(_epilogue.o)
 .text.libgcc   0x0000000000004814        0x0 /usr/local/Cellar/avr-gcc/9.3.0/lib/avr-gcc/9/gcc/avr/9.3.0/avr5/libgcc.a(_epilogue.o)
 .text.libgcc.prologue
                0x0000000000004814       0x36 /usr/local/Cellar/avr-gcc/9.3.0/lib/avr-gcc/9/gcc/avr/9.3.0/avr5/libgcc.a(_epilogue.o)
                0x0000000000004814                __epilogue_restores__
 .text.libgcc.builtins
                0x000000000000484a        0x0 /usr/local/Cellar/avr-gcc/9.3.0/lib/avr-gcc/9/gcc/avr/9.3.0/avr5/libgcc.a(_epilogue.o)
 .text.libgcc.fmul
                0x000000000000484a        0x0 /usr/local/Cellar/avr-gcc/9.3.0/lib/avr-gcc/9/gcc/avr/9.3.0/avr5/libgcc.a(_epilogue.o)
 .text.libgcc.fixed
                0x000000000000484a        0x0 /usr/local/Cellar/avr-gcc/9.3.0/lib/avr-gcc/9/gcc/avr/9.3.0/avr5/libgcc.a(_epilogue.o)
                0x000000000000484a                . = ALIGN (0x2)
 *(.fini9)
 .fini9         0x000000000000484a        0x0 /usr/local/Cellar/avr-gcc/9.3.0/lib/avr-gcc/9/gcc/avr/9.3.0/avr5/libgcc.a(_exit.o)
                0x000000000000484a                exit
                0x000000000000484a                _exit
 *(.fini9)
 *(.fini8)
 *(.fini8)
 *(.fini7)
 *(.fini7)
 *(.fini6)
 *(.fini6)
 *(.fini5)
 *(.fini5)
 *(.fini4)
 *(.fini4)
 *(.fini3)
 *(.fini3)
 *(.fini2)
 *(.fini2)
 *(.fini1)
 *(.fini1)
 *(.fini0)
 .fini0         0x000000000000484a        0x4 /usr/local/Cellar/avr-gcc/9.3.0/lib/avr-gcc/9/gcc/avr/9.3.0/avr5/libgcc.a(_exit.o)
 *(.fini0)
 *(.hightext)
 *(.hightext*)
 *(.progmemx.*)
                0x000000000000484e                . = ALIGN (0x2)
 *(.jumptables)
 *(.jumptables*)
                0x000000000000484e                _etext = .

.data           0x0000000000800100      0x23c load address 0x000000000000484e
                0x0000000000800100                PROVIDE (__data_start = .)
 *(.data)
 .data          0x0000000000800100        0x0 /usr/local/Cellar/avr-gcc/9.3.0/lib/avr-gcc/9/gcc/avr/9.3.0/../../../../../../avr/lib/avr5/crtatmega328p.o
 .data          0x0000000000800100        0x0 ./MiniOS/vl53l0x/VL53L0X.o
 .data          0x0000000000800100        0x0 ./MiniOS/rc5/rc5.o
 .data          0x0000000000800100        0x0 ./MiniOS/oled/ssd1306.o
 .data          0x0000000000800100        0x0 ./MiniOS/motor/motor.o
 .data          0x0000000000800100        0x0 ./MiniOS/miniOS.o
 .data          0x0000000000800100        0x0 ./Minisumo_EDU1.o
 .data          0x0000000000800100        0x0 ./hal.o
 .data          0x0000000000800100        0x0 /usr/local/Cellar/avr-gcc/9.3.0/lib/avr-gcc/9/gcc/avr/9.3.0/avr5/libgcc.a(_udivmodsi4.o)
 .data          0x0000000000800100        0x0 /usr/local/Cellar/avr-gcc/9.3.0/lib/avr-gcc/9/gcc/avr/9.3.0/avr5/libgcc.a(_divmodsi4.o)
 .data          0x0000000000800100        0x0 /usr/local/Cellar/avr-gcc/9.3.0/lib/avr-gcc/9/gcc/avr/9.3.0/avr5/libgcc.a(_negsi2.o)
 .data          0x0000000000800100        0x0 /usr/local/Cellar/avr-gcc/9.3.0/lib/avr-gcc/9/gcc/avr/9.3.0/avr5/libgcc.a(_exit.o)
 .data          0x0000000000800100        0x0 /usr/local/Cellar/avr-gcc/9.3.0/lib/avr-gcc/9/gcc/avr/9.3.0/avr5/libgcc.a(_copy_data.o)
 .data          0x0000000000800100        0x0 /usr/local/Cellar/avr-gcc/9.3.0/lib/avr-gcc/9/gcc/avr/9.3.0/avr5/libgcc.a(_clear_bss.o)
 .data          0x0000000000800100        0x0 /usr/local/Cellar/avr-gcc/9.3.0/lib/avr-gcc/9/gcc/avr/9.3.0/avr5/libgcc.a(_umulhisi3.o)
 .data          0x0000000000800100        0x0 /usr/local/Cellar/avr-gcc/9.3.0/lib/avr-gcc/9/gcc/avr/9.3.0/avr5/libgcc.a(_muluhisi3.o)
 .data          0x0000000000800100        0x0 /usr/local/Cellar/avr-gcc/9.3.0/lib/avr-gcc/9/gcc/avr/9.3.0/../../../../../../avr/lib/avr5/libc.a(sprintf.o)
 .data          0x0000000000800100        0x0 /usr/local/Cellar/avr-gcc/9.3.0/lib/avr-gcc/9/gcc/avr/9.3.0/../../../../../../avr/lib/avr5/libc.a(vfprintf_std.o)
 .data          0x0000000000800100        0x0 /usr/local/Cellar/avr-gcc/9.3.0/lib/avr-gcc/9/gcc/avr/9.3.0/../../../../../../avr/lib/avr5/libc.a(strnlen_P.o)
 .data          0x0000000000800100        0x0 /usr/local/Cellar/avr-gcc/9.3.0/lib/avr-gcc/9/gcc/avr/9.3.0/../../../../../../avr/lib/avr5/libc.a(strnlen.o)
 .data          0x0000000000800100        0x0 /usr/local/Cellar/avr-gcc/9.3.0/lib/avr-gcc/9/gcc/avr/9.3.0/../../../../../../avr/lib/avr5/libc.a(fputc.o)
 .data          0x0000000000800100        0x0 /usr/local/Cellar/avr-gcc/9.3.0/lib/avr-gcc/9/gcc/avr/9.3.0/../../../../../../avr/lib/avr5/libc.a(ultoa_invert.o)
 .data          0x0000000000800100        0x0 /usr/local/Cellar/avr-gcc/9.3.0/lib/avr-gcc/9/gcc/avr/9.3.0/avr5/libgcc.a(_prologue.o)
 .data          0x0000000000800100        0x0 /usr/local/Cellar/avr-gcc/9.3.0/lib/avr-gcc/9/gcc/avr/9.3.0/avr5/libgcc.a(_epilogue.o)
 *(.data*)
 .data.buffer   0x0000000000800100      0x200 ./MiniOS/oled/ssd1306.o
 .data._oledsclpin
                0x0000000000800300        0x1 ./MiniOS/oled/ssd1306.o
                0x0000000000800300                _oledsclpin
 .data._oledsdapin
                0x0000000000800301        0x1 ./MiniOS/oled/ssd1306.o
                0x0000000000800301                _oledsdapin
 .data.analog_reference
                0x0000000000800302        0x1 ./hal.o
                0x0000000000800302                analog_reference
 *(.gnu.linkonce.d*)
 *(.rodata)
 *(.rodata*)
 .rodata.postmask.2709
                0x0000000000800303        0x8 ./MiniOS/oled/ssd1306.o
 .rodata.premask.2698
                0x000000000080030b        0x8 ./MiniOS/oled/ssd1306.o
 .rodata.my_init.str1.1
                0x0000000000800313        0x9 ./Minisumo_EDU1.o
 .rodata.my_loop.str1.1
                0x000000000080031c       0x16 ./Minisumo_EDU1.o
 .rodata.CSWTCH.6
                0x0000000000800332        0x9 ./hal.o
 *(.gnu.linkonce.r*)
                0x000000000080033c                . = ALIGN (0x2)
 *fill*         0x000000000080033b        0x1 
                0x000000000080033c                _edata = .
                0x000000000080033c                PROVIDE (__data_end = .)

.bss            0x000000000080033c       0x7d
                0x000000000080033c                PROVIDE (__bss_start = .)
 *(.bss)
 .bss           0x000000000080033c        0x0 /usr/local/Cellar/avr-gcc/9.3.0/lib/avr-gcc/9/gcc/avr/9.3.0/../../../../../../avr/lib/avr5/crtatmega328p.o
 .bss           0x000000000080033c        0x0 ./MiniOS/vl53l0x/VL53L0X.o
 .bss           0x000000000080033c        0x0 ./MiniOS/rc5/rc5.o
 .bss           0x000000000080033c        0x0 ./MiniOS/oled/ssd1306.o
 .bss           0x000000000080033c        0x0 ./MiniOS/motor/motor.o
 .bss           0x000000000080033c        0x0 ./MiniOS/miniOS.o
 .bss           0x000000000080033c        0x0 ./Minisumo_EDU1.o
 .bss           0x000000000080033c        0x0 ./hal.o
 .bss           0x000000000080033c        0x0 /usr/local/Cellar/avr-gcc/9.3.0/lib/avr-gcc/9/gcc/avr/9.3.0/avr5/libgcc.a(_udivmodsi4.o)
 .bss           0x000000000080033c        0x0 /usr/local/Cellar/avr-gcc/9.3.0/lib/avr-gcc/9/gcc/avr/9.3.0/avr5/libgcc.a(_divmodsi4.o)
 .bss           0x000000000080033c        0x0 /usr/local/Cellar/avr-gcc/9.3.0/lib/avr-gcc/9/gcc/avr/9.3.0/avr5/libgcc.a(_negsi2.o)
 .bss           0x000000000080033c        0x0 /usr/local/Cellar/avr-gcc/9.3.0/lib/avr-gcc/9/gcc/avr/9.3.0/avr5/libgcc.a(_exit.o)
 .bss           0x000000000080033c        0x0 /usr/local/Cellar/avr-gcc/9.3.0/lib/avr-gcc/9/gcc/avr/9.3.0/avr5/libgcc.a(_copy_data.o)
 .bss           0x000000000080033c        0x0 /usr/local/Cellar/avr-gcc/9.3.0/lib/avr-gcc/9/gcc/avr/9.3.0/avr5/libgcc.a(_clear_bss.o)
 .bss           0x000000000080033c        0x0 /usr/local/Cellar/avr-gcc/9.3.0/lib/avr-gcc/9/gcc/avr/9.3.0/avr5/libgcc.a(_umulhisi3.o)
 .bss           0x000000000080033c        0x0 /usr/local/Cellar/avr-gcc/9.3.0/lib/avr-gcc/9/gcc/avr/9.3.0/avr5/libgcc.a(_muluhisi3.o)
 .bss           0x000000000080033c        0x0 /usr/local/Cellar/avr-gcc/9.3.0/lib/avr-gcc/9/gcc/avr/9.3.0/../../../../../../avr/lib/avr5/libc.a(sprintf.o)
 .bss           0x000000000080033c        0x0 /usr/local/Cellar/avr-gcc/9.3.0/lib/avr-gcc/9/gcc/avr/9.3.0/../../../../../../avr/lib/avr5/libc.a(vfprintf_std.o)
 .bss           0x000000000080033c        0x0 /usr/local/Cellar/avr-gcc/9.3.0/lib/avr-gcc/9/gcc/avr/9.3.0/../../../../../../avr/lib/avr5/libc.a(strnlen_P.o)
 .bss           0x000000000080033c        0x0 /usr/local/Cellar/avr-gcc/9.3.0/lib/avr-gcc/9/gcc/avr/9.3.0/../../../../../../avr/lib/avr5/libc.a(strnlen.o)
 .bss           0x000000000080033c        0x0 /usr/local/Cellar/avr-gcc/9.3.0/lib/avr-gcc/9/gcc/avr/9.3.0/../../../../../../avr/lib/avr5/libc.a(fputc.o)
 .bss           0x000000000080033c        0x0 /usr/local/Cellar/avr-gcc/9.3.0/lib/avr-gcc/9/gcc/avr/9.3.0/../../../../../../avr/lib/avr5/libc.a(ultoa_invert.o)
 .bss           0x000000000080033c        0x0 /usr/local/Cellar/avr-gcc/9.3.0/lib/avr-gcc/9/gcc/avr/9.3.0/avr5/libgcc.a(_prologue.o)
 .bss           0x000000000080033c        0x0 /usr/local/Cellar/avr-gcc/9.3.0/lib/avr-gcc/9/gcc/avr/9.3.0/avr5/libgcc.a(_epilogue.o)
 *(.bss*)
 .bss.textbgcolor
                0x000000000080033c        0x2 ./MiniOS/oled/ssd1306.o
 .bss.textcolor
                0x000000000080033e        0x2 ./MiniOS/oled/ssd1306.o
 .bss.rotation  0x0000000000800340        0x1 ./MiniOS/oled/ssd1306.o
 .bss.textsize  0x0000000000800341        0x1 ./MiniOS/oled/ssd1306.o
 .bss.cursor_y  0x0000000000800342        0x2 ./MiniOS/oled/ssd1306.o
 .bss.cursor_x  0x0000000000800344        0x2 ./MiniOS/oled/ssd1306.o
 .bss.HEIGHT    0x0000000000800346        0x2 ./MiniOS/oled/ssd1306.o
 .bss.WIDTH     0x0000000000800348        0x2 ./MiniOS/oled/ssd1306.o
 .bss._height   0x000000000080034a        0x2 ./MiniOS/oled/ssd1306.o
 .bss._width    0x000000000080034c        0x2 ./MiniOS/oled/ssd1306.o
 .bss._vccstate
                0x000000000080034e        0x1 ./MiniOS/oled/ssd1306.o
 .bss._oledi2caddr
                0x000000000080034f        0x1 ./MiniOS/oled/ssd1306.o
 .bss._timeafterdisplay.2802
                0x0000000000800350        0x4 ./Minisumo_EDU1.o
 .bss._lasttime.2800
                0x0000000000800354        0x4 ./Minisumo_EDU1.o
 .bss._config.2797
                0x0000000000800358        0x2 ./Minisumo_EDU1.o
 .bss._oldval.2790
                0x000000000080035a        0x2 ./Minisumo_EDU1.o
 .bss.motorcfg  0x000000000080035c        0x6 ./Minisumo_EDU1.o
 .bss._sensors  0x0000000000800362       0x48 ./Minisumo_EDU1.o
 .bss.timer0_fract
                0x00000000008003aa        0x1 ./hal.o
 .bss.timer0_millis
                0x00000000008003ab        0x4 ./hal.o
                0x00000000008003ab                timer0_millis
 .bss.timer0_overflow_count
                0x00000000008003af        0x4 ./hal.o
                0x00000000008003af                timer0_overflow_count
 *(COMMON)
 COMMON         0x00000000008003b3        0x2 ./MiniOS/vl53l0x/VL53L0X.o
                0x00000000008003b3                vl53l0xsensor
 COMMON         0x00000000008003b5        0x2 ./MiniOS/oled/ssd1306.o
                0x00000000008003b5                _cp437
                0x00000000008003b6                wrap
 COMMON         0x00000000008003b7        0x2 ./MiniOS/motor/motor.o
                0x00000000008003b7                motorcfglcl
                0x00000000008003b9                PROVIDE (__bss_end = .)
                0x000000000000484e                __data_load_start = LOADADDR (.data)
                0x0000000000004a8a                __data_load_end = (__data_load_start + SIZEOF (.data))

.noinit         0x00000000008003b9        0x0
                [!provide]                        PROVIDE (__noinit_start = .)
 *(.noinit*)
                [!provide]                        PROVIDE (__noinit_end = .)
                0x00000000008003b9                _end = .
                [!provide]                        PROVIDE (__heap_start = .)

.eeprom         0x0000000000810000        0x0
 *(.eeprom*)
                0x0000000000810000                __eeprom_end = .

.fuse
 *(.fuse)
 *(.lfuse)
 *(.hfuse)
 *(.efuse)

.lock
 *(.lock*)

.signature
 *(.signature*)

.stab
 *(.stab)

.stabstr
 *(.stabstr)

.stab.excl
 *(.stab.excl)

.stab.exclstr
 *(.stab.exclstr)

.stab.index
 *(.stab.index)

.stab.indexstr
 *(.stab.indexstr)

.comment        0x0000000000000000       0x24
 *(.comment)
 .comment       0x0000000000000000       0x24 ./MiniOS/vl53l0x/VL53L0X.o
                                         0x25 (size before relaxing)
 .comment       0x0000000000000024       0x25 ./MiniOS/rc5/rc5.o
 .comment       0x0000000000000024       0x25 ./MiniOS/oled/ssd1306.o
 .comment       0x0000000000000024       0x25 ./MiniOS/motor/motor.o
 .comment       0x0000000000000024       0x25 ./MiniOS/miniOS.o
 .comment       0x0000000000000024       0x25 ./Minisumo_EDU1.o
 .comment       0x0000000000000024       0x25 ./hal.o
 .comment       0x0000000000000024       0x25 /usr/local/Cellar/avr-gcc/9.3.0/lib/avr-gcc/9/gcc/avr/9.3.0/../../../../../../avr/lib/avr5/libc.a(sprintf.o)
 .comment       0x0000000000000024       0x25 /usr/local/Cellar/avr-gcc/9.3.0/lib/avr-gcc/9/gcc/avr/9.3.0/../../../../../../avr/lib/avr5/libc.a(vfprintf_std.o)
 .comment       0x0000000000000024       0x25 /usr/local/Cellar/avr-gcc/9.3.0/lib/avr-gcc/9/gcc/avr/9.3.0/../../../../../../avr/lib/avr5/libc.a(fputc.o)

.note.gnu.avr.deviceinfo
                0x0000000000000000       0x40
 .note.gnu.avr.deviceinfo
                0x0000000000000000       0x40 /usr/local/Cellar/avr-gcc/9.3.0/lib/avr-gcc/9/gcc/avr/9.3.0/../../../../../../avr/lib/avr5/crtatmega328p.o

.note.gnu.build-id
 *(.note.gnu.build-id)

.debug
 *(.debug)

.line
 *(.line)

.debug_srcinfo
 *(.debug_srcinfo)

.debug_sfnames
 *(.debug_sfnames)

.debug_aranges  0x0000000000000000      0x140
 *(.debug_aranges)
 .debug_aranges
                0x0000000000000000       0x20 /usr/local/Cellar/avr-gcc/9.3.0/lib/avr-gcc/9/gcc/avr/9.3.0/avr5/libgcc.a(_udivmodsi4.o)
 .debug_aranges
                0x0000000000000020       0x20 /usr/local/Cellar/avr-gcc/9.3.0/lib/avr-gcc/9/gcc/avr/9.3.0/avr5/libgcc.a(_divmodsi4.o)
 .debug_aranges
                0x0000000000000040       0x20 /usr/local/Cellar/avr-gcc/9.3.0/lib/avr-gcc/9/gcc/avr/9.3.0/avr5/libgcc.a(_negsi2.o)
 .debug_aranges
                0x0000000000000060       0x20 /usr/local/Cellar/avr-gcc/9.3.0/lib/avr-gcc/9/gcc/avr/9.3.0/avr5/libgcc.a(_exit.o)
 .debug_aranges
                0x0000000000000080       0x20 /usr/local/Cellar/avr-gcc/9.3.0/lib/avr-gcc/9/gcc/avr/9.3.0/avr5/libgcc.a(_copy_data.o)
 .debug_aranges
                0x00000000000000a0       0x20 /usr/local/Cellar/avr-gcc/9.3.0/lib/avr-gcc/9/gcc/avr/9.3.0/avr5/libgcc.a(_clear_bss.o)
 .debug_aranges
                0x00000000000000c0       0x20 /usr/local/Cellar/avr-gcc/9.3.0/lib/avr-gcc/9/gcc/avr/9.3.0/avr5/libgcc.a(_umulhisi3.o)
 .debug_aranges
                0x00000000000000e0       0x20 /usr/local/Cellar/avr-gcc/9.3.0/lib/avr-gcc/9/gcc/avr/9.3.0/avr5/libgcc.a(_muluhisi3.o)
 .debug_aranges
                0x0000000000000100       0x20 /usr/local/Cellar/avr-gcc/9.3.0/lib/avr-gcc/9/gcc/avr/9.3.0/avr5/libgcc.a(_prologue.o)
 .debug_aranges
                0x0000000000000120       0x20 /usr/local/Cellar/avr-gcc/9.3.0/lib/avr-gcc/9/gcc/avr/9.3.0/avr5/libgcc.a(_epilogue.o)

.debug_pubnames
 *(.debug_pubnames)

.debug_info     0x0000000000000000      0x770
 *(.debug_info .gnu.linkonce.wi.*)
 .debug_info    0x0000000000000000      0x5f4 /usr/local/Cellar/avr-gcc/9.3.0/lib/avr-gcc/9/gcc/avr/9.3.0/../../../../../../avr/lib/avr5/crtatmega328p.o
 .debug_info    0x00000000000005f4       0x26 /usr/local/Cellar/avr-gcc/9.3.0/lib/avr-gcc/9/gcc/avr/9.3.0/avr5/libgcc.a(_udivmodsi4.o)
 .debug_info    0x000000000000061a       0x26 /usr/local/Cellar/avr-gcc/9.3.0/lib/avr-gcc/9/gcc/avr/9.3.0/avr5/libgcc.a(_divmodsi4.o)
 .debug_info    0x0000000000000640       0x26 /usr/local/Cellar/avr-gcc/9.3.0/lib/avr-gcc/9/gcc/avr/9.3.0/avr5/libgcc.a(_negsi2.o)
 .debug_info    0x0000000000000666       0x26 /usr/local/Cellar/avr-gcc/9.3.0/lib/avr-gcc/9/gcc/avr/9.3.0/avr5/libgcc.a(_exit.o)
 .debug_info    0x000000000000068c       0x26 /usr/local/Cellar/avr-gcc/9.3.0/lib/avr-gcc/9/gcc/avr/9.3.0/avr5/libgcc.a(_copy_data.o)
 .debug_info    0x00000000000006b2       0x26 /usr/local/Cellar/avr-gcc/9.3.0/lib/avr-gcc/9/gcc/avr/9.3.0/avr5/libgcc.a(_clear_bss.o)
 .debug_info    0x00000000000006d8       0x26 /usr/local/Cellar/avr-gcc/9.3.0/lib/avr-gcc/9/gcc/avr/9.3.0/avr5/libgcc.a(_umulhisi3.o)
 .debug_info    0x00000000000006fe       0x26 /usr/local/Cellar/avr-gcc/9.3.0/lib/avr-gcc/9/gcc/avr/9.3.0/avr5/libgcc.a(_muluhisi3.o)
 .debug_info    0x0000000000000724       0x26 /usr/local/Cellar/avr-gcc/9.3.0/lib/avr-gcc/9/gcc/avr/9.3.0/avr5/libgcc.a(_prologue.o)
 .debug_info    0x000000000000074a       0x26 /usr/local/Cellar/avr-gcc/9.3.0/lib/avr-gcc/9/gcc/avr/9.3.0/avr5/libgcc.a(_epilogue.o)

.debug_abbrev   0x0000000000000000      0x66a
 *(.debug_abbrev)
 .debug_abbrev  0x0000000000000000      0x5a2 /usr/local/Cellar/avr-gcc/9.3.0/lib/avr-gcc/9/gcc/avr/9.3.0/../../../../../../avr/lib/avr5/crtatmega328p.o
 .debug_abbrev  0x00000000000005a2       0x14 /usr/local/Cellar/avr-gcc/9.3.0/lib/avr-gcc/9/gcc/avr/9.3.0/avr5/libgcc.a(_udivmodsi4.o)
 .debug_abbrev  0x00000000000005b6       0x14 /usr/local/Cellar/avr-gcc/9.3.0/lib/avr-gcc/9/gcc/avr/9.3.0/avr5/libgcc.a(_divmodsi4.o)
 .debug_abbrev  0x00000000000005ca       0x14 /usr/local/Cellar/avr-gcc/9.3.0/lib/avr-gcc/9/gcc/avr/9.3.0/avr5/libgcc.a(_negsi2.o)
 .debug_abbrev  0x00000000000005de       0x14 /usr/local/Cellar/avr-gcc/9.3.0/lib/avr-gcc/9/gcc/avr/9.3.0/avr5/libgcc.a(_exit.o)
 .debug_abbrev  0x00000000000005f2       0x14 /usr/local/Cellar/avr-gcc/9.3.0/lib/avr-gcc/9/gcc/avr/9.3.0/avr5/libgcc.a(_copy_data.o)
 .debug_abbrev  0x0000000000000606       0x14 /usr/local/Cellar/avr-gcc/9.3.0/lib/avr-gcc/9/gcc/avr/9.3.0/avr5/libgcc.a(_clear_bss.o)
 .debug_abbrev  0x000000000000061a       0x14 /usr/local/Cellar/avr-gcc/9.3.0/lib/avr-gcc/9/gcc/avr/9.3.0/avr5/libgcc.a(_umulhisi3.o)
 .debug_abbrev  0x000000000000062e       0x14 /usr/local/Cellar/avr-gcc/9.3.0/lib/avr-gcc/9/gcc/avr/9.3.0/avr5/libgcc.a(_muluhisi3.o)
 .debug_abbrev  0x0000000000000642       0x14 /usr/local/Cellar/avr-gcc/9.3.0/lib/avr-gcc/9/gcc/avr/9.3.0/avr5/libgcc.a(_prologue.o)
 .debug_abbrev  0x0000000000000656       0x14 /usr/local/Cellar/avr-gcc/9.3.0/lib/avr-gcc/9/gcc/avr/9.3.0/avr5/libgcc.a(_epilogue.o)

.debug_line     0x0000000000000000      0x71d
 *(.debug_line .debug_line.* .debug_line_end)
 .debug_line    0x0000000000000000       0x1d /usr/local/Cellar/avr-gcc/9.3.0/lib/avr-gcc/9/gcc/avr/9.3.0/../../../../../../avr/lib/avr5/crtatmega328p.o
 .debug_line    0x000000000000001d      0x121 /usr/local/Cellar/avr-gcc/9.3.0/lib/avr-gcc/9/gcc/avr/9.3.0/avr5/libgcc.a(_udivmodsi4.o)
 .debug_line    0x000000000000013e       0xcd /usr/local/Cellar/avr-gcc/9.3.0/lib/avr-gcc/9/gcc/avr/9.3.0/avr5/libgcc.a(_divmodsi4.o)
 .debug_line    0x000000000000020b       0x61 /usr/local/Cellar/avr-gcc/9.3.0/lib/avr-gcc/9/gcc/avr/9.3.0/avr5/libgcc.a(_negsi2.o)
 .debug_line    0x000000000000026c       0x61 /usr/local/Cellar/avr-gcc/9.3.0/lib/avr-gcc/9/gcc/avr/9.3.0/avr5/libgcc.a(_exit.o)
 .debug_line    0x00000000000002cd       0x97 /usr/local/Cellar/avr-gcc/9.3.0/lib/avr-gcc/9/gcc/avr/9.3.0/avr5/libgcc.a(_copy_data.o)
 .debug_line    0x0000000000000364       0x85 /usr/local/Cellar/avr-gcc/9.3.0/lib/avr-gcc/9/gcc/avr/9.3.0/avr5/libgcc.a(_clear_bss.o)
 .debug_line    0x00000000000003e9       0xaf /usr/local/Cellar/avr-gcc/9.3.0/lib/avr-gcc/9/gcc/avr/9.3.0/avr5/libgcc.a(_umulhisi3.o)
 .debug_line    0x0000000000000498       0x91 /usr/local/Cellar/avr-gcc/9.3.0/lib/avr-gcc/9/gcc/avr/9.3.0/avr5/libgcc.a(_muluhisi3.o)
 .debug_line    0x0000000000000529       0xfd /usr/local/Cellar/avr-gcc/9.3.0/lib/avr-gcc/9/gcc/avr/9.3.0/avr5/libgcc.a(_prologue.o)
 .debug_line    0x0000000000000626       0xf7 /usr/local/Cellar/avr-gcc/9.3.0/lib/avr-gcc/9/gcc/avr/9.3.0/avr5/libgcc.a(_epilogue.o)

.debug_frame
 *(.debug_frame)

.debug_str      0x0000000000000000      0x28a
 *(.debug_str)
 .debug_str     0x0000000000000000      0x208 /usr/local/Cellar/avr-gcc/9.3.0/lib/avr-gcc/9/gcc/avr/9.3.0/../../../../../../avr/lib/avr5/crtatmega328p.o
 .debug_str     0x0000000000000208       0x82 /usr/local/Cellar/avr-gcc/9.3.0/lib/avr-gcc/9/gcc/avr/9.3.0/avr5/libgcc.a(_udivmodsi4.o)
 .debug_str     0x000000000000028a       0x82 /usr/local/Cellar/avr-gcc/9.3.0/lib/avr-gcc/9/gcc/avr/9.3.0/avr5/libgcc.a(_divmodsi4.o)
 .debug_str     0x000000000000028a       0x82 /usr/local/Cellar/avr-gcc/9.3.0/lib/avr-gcc/9/gcc/avr/9.3.0/avr5/libgcc.a(_negsi2.o)
 .debug_str     0x000000000000028a       0x82 /usr/local/Cellar/avr-gcc/9.3.0/lib/avr-gcc/9/gcc/avr/9.3.0/avr5/libgcc.a(_exit.o)
 .debug_str     0x000000000000028a       0x82 /usr/local/Cellar/avr-gcc/9.3.0/lib/avr-gcc/9/gcc/avr/9.3.0/avr5/libgcc.a(_copy_data.o)
 .debug_str     0x000000000000028a       0x82 /usr/local/Cellar/avr-gcc/9.3.0/lib/avr-gcc/9/gcc/avr/9.3.0/avr5/libgcc.a(_clear_bss.o)
 .debug_str     0x000000000000028a       0x82 /usr/local/Cellar/avr-gcc/9.3.0/lib/avr-gcc/9/gcc/avr/9.3.0/avr5/libgcc.a(_umulhisi3.o)
 .debug_str     0x000000000000028a       0x82 /usr/local/Cellar/avr-gcc/9.3.0/lib/avr-gcc/9/gcc/avr/9.3.0/avr5/libgcc.a(_muluhisi3.o)
 .debug_str     0x000000000000028a       0x82 /usr/local/Cellar/avr-gcc/9.3.0/lib/avr-gcc/9/gcc/avr/9.3.0/avr5/libgcc.a(_prologue.o)
 .debug_str     0x000000000000028a       0x82 /usr/local/Cellar/avr-gcc/9.3.0/lib/avr-gcc/9/gcc/avr/9.3.0/avr5/libgcc.a(_epilogue.o)

.debug_loc
 *(.debug_loc)

.debug_macinfo
 *(.debug_macinfo)

.debug_weaknames
 *(.debug_weaknames)

.debug_funcnames
 *(.debug_funcnames)

.debug_typenames
 *(.debug_typenames)

.debug_varnames
 *(.debug_varnames)

.debug_pubtypes
 *(.debug_pubtypes)

.debug_ranges
 *(.debug_ranges)

.debug_macro
 *(.debug_macro)

.debug_addr
 *(.debug_addr)
OUTPUT(Minisumo_EDU1.elf elf32-avr)
LOAD linker stubs
